arm=encodec_32k host=node43 start=2026-08-30T14:43:00+09:00
[encodec_32k] 7035 clips
8/7035  7s
488/7035  34s
968/7035  60s
1448/7035  93s
1928/7035  128s
2408/7035  162s
2888/7035  198s
3368/7035  229s
3848/7035  258s
4328/7035  292s
4808/7035  327s
5288/7035  358s
5768/7035  388s
6248/7035  423s
6728/7035  456s
   0.02s n=1     fifths=+0.030+-0.031  kk=+0.037  chrom=+0.035  (483s)
   0.05s n=2     fifths=+0.021+-0.022  kk=+0.041  chrom=+0.036  (488s)
    0.1s n=5     fifths=+0.063+-0.021  kk=+0.078  chrom=+0.028  (493s)
   0.25s n=12    fifths=+0.122+-0.042  kk=+0.122  chrom=+0.041  (498s)
    0.5s n=25    fifths=+0.139+-0.012  kk=+0.141  chrom=+0.009  (503s)
    1.0s n=50    fifths=+0.159+-0.026  kk=+0.165  chrom=+0.004  (509s)
    2.0s n=100   fifths=+0.159+-0.034  kk=+0.159  chrom=+0.016  (514s)
    4.0s n=200   fifths=+0.150+-0.020  kk=+0.157  chrom=+0.038  (519s)
    8.0s n=400   fifths=+0.167+-0.011  kk=+0.167  chrom=+0.049  (524s)
   16.0s n=800   fifths=+0.172+-0.003  kk=+0.171  chrom=+0.036  (529s)
    0.0s n=0     fifths=+0.177+-0.000  kk=+0.176  chrom=+0.041  (535s)
wrote runs/accum_encodec_32k.json
done=2026-08-30T14:52:33+09:00
