arm=muq_L6 host=node41 start=2026-08-30T14:43:00+09:00
[muq_L6] 7035 clips
8/7035  4s
488/7035  22s
968/7035  39s
1448/7035  56s
1928/7035  73s
2408/7035  91s
2888/7035  108s
3368/7035  125s
3848/7035  142s
4328/7035  160s
4808/7035  177s
5288/7035  194s
5768/7035  211s
6248/7035  229s
6728/7035  246s
   0.02s n=1     fifths=+0.349+-0.019  kk=+0.513  chrom=+0.047  (264s)
   0.05s n=1     fifths=+0.347+-0.016  kk=+0.517  chrom=+0.053  (271s)
    0.1s n=2     fifths=+0.375+-0.014  kk=+0.566  chrom=+0.047  (279s)
   0.25s n=6     fifths=+0.446+-0.021  kk=+0.666  chrom=+0.037  (286s)
    0.5s n=12    fifths=+0.481+-0.015  kk=+0.708  chrom=+0.021  (293s)
    1.0s n=25    fifths=+0.493+-0.007  kk=+0.730  chrom=+0.022  (301s)
    2.0s n=50    fifths=+0.513+-0.007  kk=+0.757  chrom=+0.017  (308s)
    4.0s n=100   fifths=+0.521+-0.014  kk=+0.763  chrom=+0.018  (315s)
    8.0s n=200   fifths=+0.526+-0.004  kk=+0.774  chrom=+0.012  (322s)
   16.0s n=400   fifths=+0.529+-0.001  kk=+0.778  chrom=+0.015  (330s)
    0.0s n=0     fifths=+0.530+-0.000  kk=+0.777  chrom=+0.016  (337s)
wrote runs/accum_muq_L6.json
done=2026-08-30T14:49:09+09:00
