arm=pq_stft host=cs-gpu-01 start=2026-08-31T01:27:23+09:00
[pq_stft] 7035 clips
4/7035  1s
244/7035  19s
484/7035  37s
724/7035  54s
964/7035  72s
1204/7035  91s
1444/7035  114s
1684/7035  136s
1924/7035  158s
2164/7035  178s
2404/7035  200s
2644/7035  222s
2884/7035  244s
3124/7035  267s
3364/7035  285s
3604/7035  303s
3844/7035  324s
4084/7035  347s
4324/7035  370s
4564/7035  392s
4804/7035  415s
5044/7035  437s
5284/7035  457s
5524/7035  476s
5764/7035  498s
6004/7035  521s
6244/7035  543s
6484/7035  565s
6724/7035  587s
6964/7035  609s
   0.02s n=2     fifths=+0.483+-0.020  kk=+0.629  chrom=+0.104  (621s)
   0.05s n=5     fifths=+0.496+-0.012  kk=+0.627  chrom=+0.100  (626s)
    0.1s n=10    fifths=+0.474+-0.022  kk=+0.609  chrom=+0.097  (631s)
   0.25s n=25    fifths=+0.503+-0.013  kk=+0.652  chrom=+0.118  (636s)
    0.5s n=50    fifths=+0.507+-0.025  kk=+0.651  chrom=+0.104  (640s)
    1.0s n=100   fifths=+0.504+-0.013  kk=+0.651  chrom=+0.106  (645s)
    2.0s n=200   fifths=+0.529+-0.011  kk=+0.685  chrom=+0.112  (650s)
    4.0s n=400   fifths=+0.531+-0.018  kk=+0.687  chrom=+0.113  (655s)
    8.0s n=800   fifths=+0.545+-0.005  kk=+0.704  chrom=+0.104  (660s)
   16.0s n=1601  fifths=+0.550+-0.002  kk=+0.710  chrom=+0.111  (665s)
    0.0s n=0     fifths=+0.550+-0.000  kk=+0.709  chrom=+0.112  (670s)
wrote runs/accum_pq_stft.json
done=2026-08-31T01:38:58+09:00
