arm=hcqt host=cs-gpu-01 start=2026-08-31T01:27:23+09:00
[hcqt] 7035 clips
4/7035  19s
244/7035  118s
484/7035  218s
724/7035  317s
964/7035  417s
1204/7035  516s
1444/7035  615s
1684/7035  714s
1924/7035  813s
2164/7035  912s
2404/7035  1012s
2644/7035  1111s
2884/7035  1210s
3124/7035  1309s
3364/7035  1408s
3604/7035  1507s
3844/7035  1606s
4084/7035  1705s
4324/7035  1804s
4564/7035  1903s
4804/7035  2002s
5044/7035  2102s
5284/7035  2201s
5524/7035  2301s
5764/7035  2400s
6004/7035  2499s
6244/7035  2598s
6484/7035  2698s
6724/7035  2796s
6964/7035  2895s
   0.02s n=1     fifths=+0.510+-0.028  kk=+0.643  chrom=-0.034  (2931s)
   0.05s n=2     fifths=+0.510+-0.031  kk=+0.628  chrom=-0.037  (2938s)
    0.1s n=4     fifths=+0.510+-0.027  kk=+0.638  chrom=-0.036  (2945s)
   0.25s n=11    fifths=+0.534+-0.017  kk=+0.673  chrom=-0.027  (2952s)
    0.5s n=22    fifths=+0.540+-0.014  kk=+0.678  chrom=-0.041  (2960s)
    1.0s n=43    fifths=+0.523+-0.011  kk=+0.657  chrom=-0.041  (2967s)
    2.0s n=86    fifths=+0.535+-0.018  kk=+0.672  chrom=-0.037  (2974s)
    4.0s n=172   fifths=+0.550+-0.015  kk=+0.689  chrom=-0.039  (2981s)
    8.0s n=345   fifths=+0.555+-0.007  kk=+0.697  chrom=-0.034  (2988s)
   16.0s n=690   fifths=+0.553+-0.004  kk=+0.697  chrom=-0.039  (2995s)
    0.0s n=0     fifths=+0.554+-0.000  kk=+0.698  chrom=-0.038  (3002s)
wrote runs/accum_hcqt.json
done=2026-08-31T02:17:52+09:00
