[mert_L24] 7035 clips
WARNING: feature_extractor_cqt requires the libray 'nnAudio'
8/7035  8s
488/7035  76s
968/7035  146s
1448/7035  216s
1928/7035  286s
2408/7035  357s
2888/7035  429s
3368/7035  500s
3848/7035  571s
4328/7035  642s
4808/7035  714s
5288/7035  785s
5768/7035  856s
6248/7035  932s
6728/7035  1003s
   0.02s n=1     fifths=+0.108+-0.021  kk=+0.176  chrom=+0.023  (1057s)
   0.05s n=4     fifths=+0.174+-0.025  kk=+0.248  chrom=+0.034  (1064s)
    0.1s n=7     fifths=+0.181+-0.015  kk=+0.250  chrom=+0.054  (1072s)
   0.25s n=19    fifths=+0.217+-0.024  kk=+0.304  chrom=+0.050  (1080s)
    0.5s n=37    fifths=+0.242+-0.018  kk=+0.309  chrom=+0.030  (1088s)
    1.0s n=75    fifths=+0.241+-0.017  kk=+0.317  chrom=+0.033  (1096s)
    2.0s n=150   fifths=+0.268+-0.015  kk=+0.352  chrom=+0.051  (1103s)
    4.0s n=300   fifths=+0.277+-0.024  kk=+0.361  chrom=+0.050  (1111s)
    8.0s n=600   fifths=+0.289+-0.012  kk=+0.374  chrom=+0.046  (1119s)
   16.0s n=1199  fifths=+0.292+-0.006  kk=+0.376  chrom=+0.047  (1127s)
    0.0s n=0     fifths=+0.294+-0.000  kk=+0.375  chrom=+0.049  (1134s)
wrote runs/accum_mert_L24.json
