[chroma] 7035 clips
8/7035  8s
488/7035  66s
968/7035  121s
1448/7035  175s
1928/7035  229s
2408/7035  284s
2888/7035  338s
3368/7035  393s
3848/7035  447s
4328/7035  501s
4808/7035  557s
5288/7035  611s
5768/7035  667s
6248/7035  723s
6728/7035  779s
   0.02s n=1     fifths=+0.460+-0.017  kk=+0.619  chrom=+0.139  (821s)
   0.05s n=2     fifths=+0.467+-0.026  kk=+0.615  chrom=+0.121  (827s)
    0.1s n=3     fifths=+0.440+-0.012  kk=+0.570  chrom=+0.131  (833s)
   0.25s n=8     fifths=+0.450+-0.021  kk=+0.609  chrom=+0.137  (839s)
    0.5s n=16    fifths=+0.452+-0.010  kk=+0.597  chrom=+0.134  (845s)
    1.0s n=31    fifths=+0.458+-0.007  kk=+0.615  chrom=+0.140  (851s)
    2.0s n=63    fifths=+0.469+-0.012  kk=+0.627  chrom=+0.132  (857s)
    4.0s n=125   fifths=+0.475+-0.012  kk=+0.631  chrom=+0.143  (863s)
    8.0s n=250   fifths=+0.470+-0.006  kk=+0.629  chrom=+0.139  (869s)
   16.0s n=501   fifths=+0.475+-0.002  kk=+0.639  chrom=+0.137  (875s)
    0.0s n=0     fifths=+0.475+-0.000  kk=+0.640  chrom=+0.140  (881s)
wrote runs/accum_chroma.json
