[cqt] 7035 clips
8/7035  4s
488/7035  41s
968/7035  79s
1448/7035  128s
1928/7035  179s
2408/7035  230s
2888/7035  281s
3368/7035  330s
3848/7035  372s
4328/7035  423s
4808/7035  476s
5288/7035  527s
5768/7035  577s
6248/7035  632s
6728/7035  683s
   0.02s n=1     fifths=-0.023+-0.031  kk=-0.000  chrom=+0.170  (721s)
   0.05s n=2     fifths=-0.020+-0.020  kk=+0.010  chrom=+0.147  (727s)
    0.1s n=3     fifths=-0.007+-0.036  kk=+0.028  chrom=+0.096  (733s)
   0.25s n=8     fifths=-0.032+-0.022  kk=+0.010  chrom=+0.169  (739s)
    0.5s n=16    fifths=-0.022+-0.022  kk=+0.014  chrom=+0.152  (745s)
    1.0s n=31    fifths=-0.023+-0.020  kk=+0.018  chrom=+0.158  (751s)
    2.0s n=63    fifths=-0.042+-0.013  kk=+0.000  chrom=+0.174  (757s)
    4.0s n=125   fifths=-0.022+-0.019  kk=+0.017  chrom=+0.173  (764s)
    8.0s n=250   fifths=-0.035+-0.018  kk=+0.016  chrom=+0.161  (770s)
   16.0s n=501   fifths=-0.042+-0.001  kk=+0.000  chrom=+0.176  (776s)
    0.0s n=0     fifths=-0.035+-0.000  kk=+0.006  chrom=+0.174  (782s)
wrote runs/accum_cqt.json
