arm=mert_L24 host=node22 start=2026-08-29T12:22:50+09:00
[mert_L24] 7035 clips
WARNING: feature_extractor_cqt requires the libray 'nnAudio'
8/7035  4s
488/7035  66s
968/7035  128s
1448/7035  190s
1928/7035  252s
2408/7035  314s
2888/7035  376s
3368/7035  438s
3848/7035  500s
4328/7035  562s
4808/7035  624s
5288/7035  686s
5768/7035  748s
6248/7035  810s
6728/7035  872s
[mert_L24] embeddings (7035, 2048) (912s)

[mert_L24] pooling = mean  dim=1024
  24-way key 0.418 (chance .042) | 12-way tonic 0.500 (chance .083)
  kk_key_distance    rho=+0.375  z= +7.9  p=0.000  rho|spec=+0.347
  fifths             rho=+0.294  z= +6.3  p=0.000  rho|spec=+0.266
  chromatic          rho=+0.049  z= +1.0  p=0.282  rho|spec=+0.031
  mode_mismatch      rho=+0.328  z= +7.0  p=0.000  rho|spec=+0.340

[mert_L24] pooling = mean+std  dim=2048
  24-way key 0.416 (chance .042) | 12-way tonic 0.508 (chance .083)
  kk_key_distance    rho=+0.345  z= +7.3  p=0.000  rho|spec=+0.315
  fifths             rho=+0.265  z= +5.6  p=0.000  rho|spec=+0.235
  chromatic          rho=+0.035  z= +0.7  p=0.444  rho|spec=+0.016
  mode_mismatch      rho=+0.381  z= +8.1  p=0.000  rho|spec=+0.396
wrote runs/clipkey_mert_L24.json in 1513s
done=2026-08-29T12:48:31+09:00
