arm=muq_L8 host=node41 start=2026-08-30T14:23:11+09:00
[muq_L8] 150 instruments, 8631 notes, kmax=25
16/8631  4s
656/8631  29s
1296/8631  54s
1936/8631  78s
2576/8631  101s
3216/8631  124s
3856/8631  146s
4496/8631  167s
5136/8631  188s
5776/8631  209s
6416/8631  230s
7056/8631  252s
7696/8631  273s
8336/8631  294s
cached runs/nsynth_emb_muq_L8.npz
[muq_L8]  PRIMARY (model-free)
    delta12        +0.0346  CI[0.0296, 0.0395]
    delta24        +0.0194  CI[0.0156, 0.0235]
    delta_strict   +0.0309  CI[0.0237, 0.0363]
  SECONDARY (fitted)
    b1_pitch_height            -0.00541  CI[-0.00579, -0.00504]
    b2_chroma                  +0.01189  CI[0.01042, 0.01345]
    b2_chroma_quadratic_trend  +0.01069  CI[0.00904, 0.01239]
  S(11)=0.7903 S(12)=0.8211 S(13)=0.7828 | S(23)=0.7231 S(24)=0.7393 S(25)=0.7166
wrote runs/transpose_muq_L8.json in 306s
done=2026-08-30T14:28:44+09:00
