host=node41 start=2026-09-04T06:57:30+09:00
[mert_L4] PCA d=2 d_strict=-0.099 [-0.127,-0.071] var=0.369
[mert_L4] PCA d=3 d_strict=-0.077 [-0.100,-0.057] var=0.430
[mert_L4] PCA d=4 d_strict=-0.059 [-0.073,-0.046] var=0.476
[mert_L4] PCA d=8 d_strict=-0.038 [-0.051,-0.025] var=0.589
  PC1 evr=0.226 R2height=0.792 R2chroma=0.000
  PC2 evr=0.126 R2height=0.375 R2chroma=0.004
  PC3 evr=0.063 R2height=0.037 R2chroma=0.019
  PC4 evr=0.050 R2height=0.525 R2chroma=0.012
  PC5 evr=0.045 R2height=0.406 R2chroma=0.013
  PC6 evr=0.026 R2height=0.011 R2chroma=0.141
  PC7 evr=0.025 R2height=0.127 R2chroma=0.035
  PC8 evr=0.022 R2height=0.013 R2chroma=0.166
[mert_L4] 5s
[mert_L12] PCA d=2 d_strict=-0.089 [-0.114,-0.065] var=0.440
[mert_L12] PCA d=3 d_strict=-0.096 [-0.117,-0.076] var=0.505
[mert_L12] PCA d=4 d_strict=-0.076 [-0.092,-0.058] var=0.559
[mert_L12] PCA d=8 d_strict=-0.061 [-0.076,-0.044] var=0.668
  PC1 evr=0.267 R2height=0.768 R2chroma=0.000
  PC2 evr=0.156 R2height=0.498 R2chroma=0.005
  PC3 evr=0.070 R2height=0.165 R2chroma=0.028
  PC4 evr=0.054 R2height=0.317 R2chroma=0.028
  PC5 evr=0.043 R2height=0.235 R2chroma=0.009
  PC6 evr=0.029 R2height=0.074 R2chroma=0.167
  PC7 evr=0.024 R2height=0.267 R2chroma=0.026
  PC8 evr=0.020 R2height=0.028 R2chroma=0.051
[mert_L12] 5s
[mert_L24] PCA d=2 d_strict=-0.011 [-0.014,-0.008] var=0.605
[mert_L24] PCA d=3 d_strict=-0.007 [-0.009,-0.005] var=0.682
[mert_L24] PCA d=4 d_strict=-0.006 [-0.008,-0.005] var=0.724
[mert_L24] PCA d=8 d_strict=-0.006 [-0.007,-0.005] var=0.814
  PC1 evr=0.456 R2height=0.685 R2chroma=0.000
  PC2 evr=0.108 R2height=0.713 R2chroma=0.000
  PC3 evr=0.086 R2height=0.032 R2chroma=0.002
  PC4 evr=0.051 R2height=0.741 R2chroma=0.004
  PC5 evr=0.036 R2height=0.475 R2chroma=0.008
  PC6 evr=0.028 R2height=0.345 R2chroma=0.053
  PC7 evr=0.018 R2height=0.041 R2chroma=0.072
  PC8 evr=0.013 R2height=0.007 R2chroma=0.047
[mert_L24] 5s
[muq_L2] PCA d=2 d_strict=-0.087 [-0.115,-0.061] var=0.210
[muq_L2] PCA d=3 d_strict=-0.061 [-0.073,-0.048] var=0.264
[muq_L2] PCA d=4 d_strict=-0.058 [-0.068,-0.048] var=0.298
[muq_L2] PCA d=8 d_strict=-0.036 [-0.042,-0.029] var=0.411
  PC1 evr=0.115 R2height=0.181 R2chroma=0.015
  PC2 evr=0.092 R2height=0.914 R2chroma=0.001
  PC3 evr=0.055 R2height=0.018 R2chroma=0.001
  PC4 evr=0.037 R2height=0.028 R2chroma=0.122
  PC5 evr=0.033 R2height=0.124 R2chroma=0.089
  PC6 evr=0.029 R2height=0.014 R2chroma=0.003
  PC7 evr=0.024 R2height=0.350 R2chroma=0.014
  PC8 evr=0.024 R2height=0.059 R2chroma=0.052
[muq_L2] 5s
[muq_L6] PCA d=2 d_strict=-0.077 [-0.107,-0.051] var=0.197
[muq_L6] PCA d=3 d_strict=-0.016 [-0.020,-0.012] var=0.253
[muq_L6] PCA d=4 d_strict=-0.013 [-0.016,-0.010] var=0.297
[muq_L6] PCA d=8 d_strict=+0.001 [-0.006,+0.004] var=0.410
  PC1 evr=0.118 R2height=0.532 R2chroma=0.002
  PC2 evr=0.076 R2height=0.847 R2chroma=0.004
  PC3 evr=0.064 R2height=0.007 R2chroma=0.025
  PC4 evr=0.039 R2height=0.103 R2chroma=0.079
  PC5 evr=0.037 R2height=0.017 R2chroma=0.024
  PC6 evr=0.028 R2height=0.226 R2chroma=0.228
  PC7 evr=0.026 R2height=0.095 R2chroma=0.016
  PC8 evr=0.023 R2height=0.004 R2chroma=0.267
[muq_L6] 5s
[muq_L12] PCA d=2 d_strict=-0.001 [-0.018,+0.015] var=0.263
[muq_L12] PCA d=3 d_strict=-0.007 [-0.019,+0.003] var=0.333
[muq_L12] PCA d=4 d_strict=-0.003 [-0.011,+0.003] var=0.375
[muq_L12] PCA d=8 d_strict=+0.005 [-0.003,+0.011] var=0.478
  PC1 evr=0.154 R2height=0.843 R2chroma=0.009
  PC2 evr=0.120 R2height=0.185 R2chroma=0.067
  PC3 evr=0.063 R2height=0.815 R2chroma=0.000
  PC4 evr=0.041 R2height=0.132 R2chroma=0.106
  PC5 evr=0.034 R2height=0.254 R2chroma=0.183
  PC6 evr=0.029 R2height=0.039 R2chroma=0.043
  PC7 evr=0.025 R2height=0.047 R2chroma=0.012
  PC8 evr=0.022 R2height=0.073 R2chroma=0.115
[muq_L12] 5s
[matpac_L6] PCA d=2 d_strict=-0.066 [-0.085,-0.050] var=0.234
[matpac_L6] PCA d=3 d_strict=-0.035 [-0.041,-0.028] var=0.277
[matpac_L6] PCA d=4 d_strict=-0.046 [-0.052,-0.039] var=0.308
[matpac_L6] PCA d=8 d_strict=-0.039 [-0.048,-0.030] var=0.402
  PC1 evr=0.144 R2height=0.095 R2chroma=0.009
  PC2 evr=0.083 R2height=0.834 R2chroma=0.001
  PC3 evr=0.051 R2height=0.097 R2chroma=0.002
  PC4 evr=0.034 R2height=0.108 R2chroma=0.005
  PC5 evr=0.029 R2height=0.110 R2chroma=0.069
  PC6 evr=0.027 R2height=0.238 R2chroma=0.042
  PC7 evr=0.022 R2height=0.138 R2chroma=0.149
  PC8 evr=0.020 R2height=0.118 R2chroma=0.024
[matpac_L6] 44s
[pupujepa] PCA d=2 d_strict=-0.003 [-0.020,+0.008] var=0.342
[pupujepa] PCA d=3 d_strict=-0.010 [-0.023,-0.000] var=0.418
[pupujepa] PCA d=4 d_strict=-0.007 [-0.013,-0.003] var=0.474
[pupujepa] PCA d=8 d_strict=-0.006 [-0.013,-0.001] var=0.622
  PC1 evr=0.231 R2height=0.208 R2chroma=0.007
  PC2 evr=0.106 R2height=0.496 R2chroma=0.008
  PC3 evr=0.101 R2height=0.000 R2chroma=0.006
  PC4 evr=0.058 R2height=0.451 R2chroma=0.035
  PC5 evr=0.051 R2height=0.002 R2chroma=0.005
  PC6 evr=0.045 R2height=0.449 R2chroma=0.010
  PC7 evr=0.034 R2height=0.277 R2chroma=0.004
  PC8 evr=0.031 R2height=0.641 R2chroma=0.035
[pupujepa] 4s
[encodec_32k] PCA d=2 d_strict=-0.047 [-0.072,-0.025] var=0.499
[encodec_32k] PCA d=3 d_strict=-0.050 [-0.069,-0.031] var=0.538
[encodec_32k] PCA d=4 d_strict=-0.049 [-0.068,-0.031] var=0.584
[encodec_32k] PCA d=8 d_strict=-0.042 [-0.060,-0.023] var=0.832
  PC1 evr=0.551 R2height=0.056 R2chroma=0.008
  PC2 evr=0.102 R2height=0.912 R2chroma=0.000
  PC3 evr=0.050 R2height=0.002 R2chroma=0.000
  PC4 evr=0.028 R2height=0.000 R2chroma=0.022
  PC5 evr=0.027 R2height=0.429 R2chroma=0.034
  PC6 evr=0.024 R2height=0.178 R2chroma=0.113
  PC7 evr=0.021 R2height=0.171 R2chroma=0.122
  PC8 evr=0.018 R2height=0.063 R2chroma=0.261
[encodec_32k] 2s
[cqt] PCA d=2 d_strict=-0.002 [-0.003,-0.002] var=0.609
[cqt] PCA d=3 d_strict=-0.004 [-0.004,-0.003] var=0.675
[cqt] PCA d=4 d_strict=-0.001 [-0.001,-0.000] var=0.700
[cqt] PCA d=8 d_strict=+0.000 [-0.000,+0.001] var=0.791
  PC1 evr=0.378 R2height=0.411 R2chroma=0.036
  PC2 evr=0.199 R2height=0.707 R2chroma=0.003
  PC3 evr=0.063 R2height=0.081 R2chroma=0.001
  PC4 evr=0.028 R2height=0.000 R2chroma=0.464
  PC5 evr=0.027 R2height=0.041 R2chroma=0.226
  PC6 evr=0.027 R2height=0.012 R2chroma=0.401
  PC7 evr=0.022 R2height=0.000 R2chroma=0.024
  PC8 evr=0.021 R2height=0.001 R2chroma=0.029
[cqt] 2s
[pq_stft] PCA d=2 d_strict=-0.122 [-0.145,-0.099] var=0.218
[pq_stft] PCA d=3 d_strict=-0.005 [-0.018,+0.008] var=0.262
[pq_stft] PCA d=4 d_strict=+0.013 [-0.001,+0.026] var=0.304
[pq_stft] PCA d=8 d_strict=+0.126 [+0.108,+0.143] var=0.446
  PC1 evr=0.132 R2height=0.638 R2chroma=0.001
  PC2 evr=0.064 R2height=0.002 R2chroma=0.001
  PC3 evr=0.044 R2height=0.000 R2chroma=0.400
  PC4 evr=0.043 R2height=0.001 R2chroma=0.394
  PC5 evr=0.038 R2height=0.018 R2chroma=0.001
  PC6 evr=0.037 R2height=0.004 R2chroma=0.001
  PC7 evr=0.036 R2height=0.152 R2chroma=0.008
  PC8 evr=0.032 R2height=0.000 R2chroma=0.044
[pq_stft] 3s
[chroma] PCA d=2 d_strict=+0.153 [+0.134,+0.174] var=0.268
[chroma] PCA d=3 d_strict=+0.230 [+0.203,+0.256] var=0.359
[chroma] PCA d=4 d_strict=+0.439 [+0.389,+0.488] var=0.441
[chroma] PCA d=8 d_strict=+0.585 [+0.523,+0.641] var=0.757
  PC1 evr=0.152 R2height=0.033 R2chroma=0.037
  PC2 evr=0.094 R2height=0.001 R2chroma=0.004
  PC3 evr=0.092 R2height=0.000 R2chroma=0.009
  PC4 evr=0.088 R2height=0.000 R2chroma=0.001
  PC5 evr=0.086 R2height=0.001 R2chroma=0.002
  PC6 evr=0.083 R2height=0.000 R2chroma=0.001
  PC7 evr=0.083 R2height=0.000 R2chroma=0.003
  PC8 evr=0.074 R2height=0.001 R2chroma=0.966
[chroma] 1s
wrote runs/pca_helix.json
done=2026-09-04T06:59:17+09:00
