[pupujepa] 7035 clips
!!!!!!!!! ATTENTION: PatchEmbed is using frequency_first = False !!!!!!!!!
4/7035  5s
244/7035  12s
484/7035  19s
724/7035  27s
964/7035  34s
1204/7035  41s
1444/7035  49s
1684/7035  56s
1924/7035  63s
2164/7035  71s
2404/7035  78s
2644/7035  85s
2884/7035  93s
3124/7035  100s
3364/7035  107s
3604/7035  114s
3844/7035  122s
4084/7035  129s
4324/7035  136s
4564/7035  144s
4804/7035  151s
5044/7035  158s
5284/7035  166s
5524/7035  173s
5764/7035  181s
6004/7035  188s
6244/7035  195s
6484/7035  203s
6724/7035  210s
6964/7035  217s
   0.02s n=2     fifths=+0.033+-0.010  kk=+0.041  chrom=-0.002  (224s)
   0.05s n=5     fifths=+0.049+-0.005  kk=+0.047  chrom=-0.001  (228s)
    0.1s n=10    fifths=+0.058+-0.006  kk=+0.056  chrom=+0.000  (232s)
   0.25s n=26    fifths=+0.064+-0.009  kk=+0.060  chrom=-0.007  (236s)
    0.5s n=51    fifths=+0.069+-0.012  kk=+0.063  chrom=-0.004  (240s)
    1.0s n=102   fifths=+0.065+-0.006  kk=+0.061  chrom=-0.004  (245s)
    2.0s n=205   fifths=+0.071+-0.005  kk=+0.066  chrom=-0.004  (249s)
    4.0s n=410   fifths=+0.070+-0.005  kk=+0.065  chrom=-0.004  (253s)
    8.0s n=819   fifths=+0.075+-0.003  kk=+0.071  chrom=-0.008  (257s)
   16.0s n=1638  fifths=+0.073+-0.000  kk=+0.067  chrom=-0.007  (261s)
    0.0s n=0     fifths=+0.072+-0.000  kk=+0.066  chrom=-0.007  (265s)
wrote runs/accum_pupujepa.json
done=2026-08-31T03:32:11+09:00
