[matpac_L6] 7035 clips
4/7035  27s
244/7035  35s
484/7035  44s
724/7035  52s
964/7035  60s
1204/7035  71s
1444/7035  85s
1684/7035  98s
1924/7035  111s
2164/7035  123s
2404/7035  134s
2644/7035  149s
2884/7035  163s
3124/7035  177s
3364/7035  186s
3604/7035  195s
3844/7035  207s
4084/7035  220s
4324/7035  233s
4564/7035  247s
4804/7035  261s
5044/7035  274s
5284/7035  285s
5524/7035  294s
5764/7035  306s
6004/7035  320s
6244/7035  334s
6484/7035  347s
6724/7035  360s
6964/7035  373s
   0.02s n=1     fifths=+0.545+-0.007  kk=+0.709  chrom=-0.041  (387s)
   0.05s n=1     fifths=+0.559+-0.012  kk=+0.719  chrom=-0.037  (398s)
    0.1s n=1     fifths=+0.552+-0.016  kk=+0.710  chrom=-0.038  (408s)
   0.25s n=2     fifths=+0.594+-0.011  kk=+0.761  chrom=-0.046  (419s)
    0.5s n=3     fifths=+0.617+-0.014  kk=+0.789  chrom=-0.051  (429s)
    1.0s n=6     fifths=+0.628+-0.009  kk=+0.807  chrom=-0.053  (440s)
    2.0s n=12    fifths=+0.642+-0.009  kk=+0.818  chrom=-0.055  (450s)
    4.0s n=25    fifths=+0.658+-0.003  kk=+0.834  chrom=-0.058  (461s)
    8.0s n=50    fifths=+0.658+-0.003  kk=+0.834  chrom=-0.060  (471s)
   16.0s n=100   fifths=+0.662+-0.001  kk=+0.837  chrom=-0.061  (482s)
    0.0s n=0     fifths=+0.663+-0.000  kk=+0.837  chrom=-0.061  (492s)
wrote runs/accum_matpac_L6.json
done=2026-08-31T03:26:32+09:00
