scripts/13_tonal_subspace.py:41: UserWarning: A NumPy version >=1.26.4 and <2.7.0 is required for this version of SciPy (detected version 1.26.3)
  from scipy.spatial.distance import pdist, squareform
chroma     n/key=   1 fifths=+0.077+-0.051 kk=+0.096
chroma     n/key=   2 fifths=+0.099+-0.044 kk=+0.122
chroma     n/key=   4 fifths=+0.166+-0.068 kk=+0.217
chroma     n/key=   8 fifths=+0.205+-0.034 kk=+0.267
chroma     n/key=  16 fifths=+0.285+-0.034 kk=+0.360
chroma     n/key=  32 fifths=+0.366+-0.040 kk=+0.479
chroma     n/key=  64 fifths=+0.438+-0.015 kk=+0.586
chroma     n/key= 128 fifths=+0.454+-0.013 kk=+0.610
chroma     n/key= all fifths=+0.475+-0.000 kk=+0.640
cqt        n/key=   1 fifths=+0.026+-0.037 kk=+0.019
cqt        n/key=   2 fifths=+0.014+-0.046 kk=+0.020
cqt        n/key=   4 fifths=-0.007+-0.032 kk=-0.009
cqt        n/key=   8 fifths=-0.030+-0.042 kk=-0.018
cqt        n/key=  16 fifths=-0.014+-0.032 kk=+0.006
cqt        n/key=  32 fifths=-0.030+-0.033 kk=+0.003
cqt        n/key=  64 fifths=-0.009+-0.046 kk=+0.027
cqt        n/key= 128 fifths=-0.036+-0.028 kk=+0.004
cqt        n/key= all fifths=-0.035+-0.000 kk=+0.006
hcqt       n/key=   1 fifths=+0.033+-0.033 kk=+0.025
hcqt       n/key=   2 fifths=+0.069+-0.061 kk=+0.084
hcqt       n/key=   4 fifths=+0.086+-0.046 kk=+0.111
hcqt       n/key=   8 fifths=+0.112+-0.049 kk=+0.164
hcqt       n/key=  16 fifths=+0.215+-0.057 kk=+0.269
hcqt       n/key=  32 fifths=+0.326+-0.044 kk=+0.416
hcqt       n/key=  64 fifths=+0.481+-0.043 kk=+0.603
hcqt       n/key= 128 fifths=+0.515+-0.028 kk=+0.650
hcqt       n/key= all fifths=+0.554+-0.000 kk=+0.698
pq_stft    n/key=   1 fifths=+0.049+-0.036 kk=+0.047
pq_stft    n/key=   2 fifths=+0.065+-0.038 kk=+0.091
pq_stft    n/key=   4 fifths=+0.116+-0.043 kk=+0.140
pq_stft    n/key=   8 fifths=+0.195+-0.046 kk=+0.268
pq_stft    n/key=  16 fifths=+0.282+-0.047 kk=+0.368
pq_stft    n/key=  32 fifths=+0.396+-0.039 kk=+0.520
pq_stft    n/key=  64 fifths=+0.507+-0.038 kk=+0.670
pq_stft    n/key= 128 fifths=+0.524+-0.018 kk=+0.673
pq_stft    n/key= all fifths=+0.550+-0.000 kk=+0.709
mert_L4    n/key=   1 fifths=+0.035+-0.041 kk=+0.044
mert_L4    n/key=   2 fifths=+0.055+-0.045 kk=+0.077
mert_L4    n/key=   4 fifths=+0.087+-0.027 kk=+0.113
mert_L4    n/key=   8 fifths=+0.115+-0.048 kk=+0.175
mert_L4    n/key=  16 fifths=+0.214+-0.063 kk=+0.299
mert_L4    n/key=  32 fifths=+0.287+-0.042 kk=+0.401
mert_L4    n/key=  64 fifths=+0.401+-0.030 kk=+0.555
mert_L4    n/key= 128 fifths=+0.422+-0.020 kk=+0.578
mert_L4    n/key= all fifths=+0.445+-0.000 kk=+0.607
mert_L12   n/key=   1 fifths=+0.035+-0.042 kk=+0.042
mert_L12   n/key=   2 fifths=+0.054+-0.043 kk=+0.073
mert_L12   n/key=   4 fifths=+0.087+-0.039 kk=+0.106
mert_L12   n/key=   8 fifths=+0.111+-0.048 kk=+0.163
mert_L12   n/key=  16 fifths=+0.221+-0.065 kk=+0.290
mert_L12   n/key=  32 fifths=+0.292+-0.054 kk=+0.380
mert_L12   n/key=  64 fifths=+0.410+-0.033 kk=+0.532
mert_L12   n/key= 128 fifths=+0.438+-0.022 kk=+0.559
mert_L12   n/key= all fifths=+0.468+-0.000 kk=+0.595
mert_L16   n/key=   1 fifths=+0.032+-0.038 kk=+0.034
mert_L16   n/key=   2 fifths=+0.046+-0.041 kk=+0.062
mert_L16   n/key=   4 fifths=+0.069+-0.043 kk=+0.082
mert_L16   n/key=   8 fifths=+0.075+-0.046 kk=+0.119
mert_L16   n/key=  16 fifths=+0.170+-0.056 kk=+0.225
mert_L16   n/key=  32 fifths=+0.228+-0.051 kk=+0.297
mert_L16   n/key=  64 fifths=+0.342+-0.037 kk=+0.438
mert_L16   n/key= 128 fifths=+0.361+-0.021 kk=+0.457
mert_L16   n/key= all fifths=+0.395+-0.000 kk=+0.492
mert_L24   n/key=   1 fifths=+0.016+-0.042 kk=+0.013
mert_L24   n/key=   2 fifths=+0.038+-0.052 kk=+0.053
mert_L24   n/key=   4 fifths=+0.042+-0.034 kk=+0.065
mert_L24   n/key=   8 fifths=+0.034+-0.046 kk=+0.087
mert_L24   n/key=  16 fifths=+0.110+-0.052 kk=+0.146
mert_L24   n/key=  32 fifths=+0.161+-0.040 kk=+0.213
mert_L24   n/key=  64 fifths=+0.253+-0.030 kk=+0.334
mert_L24   n/key= 128 fifths=+0.264+-0.011 kk=+0.340
mert_L24   n/key= all fifths=+0.294+-0.000 kk=+0.375
encodec_32k n/key=   1 fifths=-0.009+-0.041 kk=-0.013
encodec_32k n/key=   2 fifths=+0.012+-0.048 kk=+0.023
encodec_32k n/key=   4 fifths=+0.027+-0.040 kk=+0.022
encodec_32k n/key=   8 fifths=+0.003+-0.061 kk=+0.032
encodec_32k n/key=  16 fifths=+0.019+-0.059 kk=+0.037
encodec_32k n/key=  32 fifths=+0.037+-0.041 kk=+0.042
encodec_32k n/key=  64 fifths=+0.080+-0.043 kk=+0.097
encodec_32k n/key= 128 fifths=+0.133+-0.036 kk=+0.134
encodec_32k n/key= all fifths=+0.177+-0.000 kk=+0.176
muq_L2     n/key=   1 fifths=+0.053+-0.033 kk=+0.082
muq_L2     n/key=   2 fifths=+0.125+-0.052 kk=+0.172
muq_L2     n/key=   4 fifths=+0.175+-0.040 kk=+0.250
muq_L2     n/key=   8 fifths=+0.280+-0.039 kk=+0.418
muq_L2     n/key=  16 fifths=+0.379+-0.027 kk=+0.565
muq_L2     n/key=  32 fifths=+0.436+-0.014 kk=+0.673
muq_L2     n/key=  64 fifths=+0.503+-0.016 kk=+0.768
muq_L2     n/key= 128 fifths=+0.524+-0.008 kk=+0.792
muq_L2     n/key= all fifths=+0.533+-0.000 kk=+0.806
muq_L6     n/key=   1 fifths=+0.039+-0.028 kk=+0.057
muq_L6     n/key=   2 fifths=+0.101+-0.051 kk=+0.135
muq_L6     n/key=   4 fifths=+0.165+-0.039 kk=+0.217
muq_L6     n/key=   8 fifths=+0.241+-0.042 kk=+0.355
muq_L6     n/key=  16 fifths=+0.348+-0.032 kk=+0.514
muq_L6     n/key=  32 fifths=+0.419+-0.020 kk=+0.628
muq_L6     n/key=  64 fifths=+0.495+-0.019 kk=+0.729
muq_L6     n/key= 128 fifths=+0.521+-0.011 kk=+0.762
muq_L6     n/key= all fifths=+0.530+-0.000 kk=+0.777
muq_L8     n/key=   1 fifths=+0.035+-0.030 kk=+0.050
muq_L8     n/key=   2 fifths=+0.096+-0.052 kk=+0.126
muq_L8     n/key=   4 fifths=+0.150+-0.038 kk=+0.204
muq_L8     n/key=   8 fifths=+0.238+-0.047 kk=+0.340
muq_L8     n/key=  16 fifths=+0.352+-0.036 kk=+0.505
muq_L8     n/key=  32 fifths=+0.422+-0.020 kk=+0.624
muq_L8     n/key=  64 fifths=+0.512+-0.023 kk=+0.736
muq_L8     n/key= 128 fifths=+0.540+-0.013 kk=+0.771
muq_L8     n/key= all fifths=+0.545+-0.000 kk=+0.785
muq_L12    n/key=   1 fifths=+0.016+-0.046 kk=+0.022
muq_L12    n/key=   2 fifths=+0.033+-0.031 kk=+0.047
muq_L12    n/key=   4 fifths=+0.054+-0.039 kk=+0.094
muq_L12    n/key=   8 fifths=+0.088+-0.037 kk=+0.137
muq_L12    n/key=  16 fifths=+0.166+-0.055 kk=+0.240
muq_L12    n/key=  32 fifths=+0.229+-0.029 kk=+0.342
muq_L12    n/key=  64 fifths=+0.321+-0.021 kk=+0.480
muq_L12    n/key= 128 fifths=+0.364+-0.023 kk=+0.538
muq_L12    n/key= all fifths=+0.372+-0.000 kk=+0.544
matpac_L2  n/key=   1 fifths=+0.054+-0.037 kk=+0.081
matpac_L2  n/key=   2 fifths=+0.138+-0.038 kk=+0.183
matpac_L2  n/key=   4 fifths=+0.223+-0.043 kk=+0.278
matpac_L2  n/key=   8 fifths=+0.387+-0.049 kk=+0.488
matpac_L2  n/key=  16 fifths=+0.500+-0.049 kk=+0.635
matpac_L2  n/key=  32 fifths=+0.568+-0.039 kk=+0.726
matpac_L2  n/key=  64 fifths=+0.629+-0.024 kk=+0.804
matpac_L2  n/key= 128 fifths=+0.648+-0.007 kk=+0.823
matpac_L2  n/key= all fifths=+0.650+-0.000 kk=+0.827
matpac_L6  n/key=   1 fifths=+0.068+-0.037 kk=+0.088
matpac_L6  n/key=   2 fifths=+0.150+-0.054 kk=+0.184
matpac_L6  n/key=   4 fifths=+0.217+-0.041 kk=+0.270
matpac_L6  n/key=   8 fifths=+0.395+-0.051 kk=+0.495
matpac_L6  n/key=  16 fifths=+0.508+-0.038 kk=+0.644
matpac_L6  n/key=  32 fifths=+0.585+-0.037 kk=+0.746
matpac_L6  n/key=  64 fifths=+0.643+-0.021 kk=+0.817
matpac_L6  n/key= 128 fifths=+0.662+-0.006 kk=+0.838
matpac_L6  n/key= all fifths=+0.663+-0.000 kk=+0.837
matpac_L12 n/key=   1 fifths=+0.040+-0.037 kk=+0.050
matpac_L12 n/key=   2 fifths=+0.077+-0.051 kk=+0.104
matpac_L12 n/key=   4 fifths=+0.124+-0.034 kk=+0.159
matpac_L12 n/key=   8 fifths=+0.227+-0.052 kk=+0.296
matpac_L12 n/key=  16 fifths=+0.339+-0.048 kk=+0.429
matpac_L12 n/key=  32 fifths=+0.432+-0.069 kk=+0.560
matpac_L12 n/key=  64 fifths=+0.521+-0.028 kk=+0.672
matpac_L12 n/key= 128 fifths=+0.556+-0.018 kk=+0.712
matpac_L12 n/key= all fifths=+0.548+-0.000 kk=+0.709
pupujepa   n/key=   1 fifths=+0.006+-0.035 kk=+0.004
pupujepa   n/key=   2 fifths=+0.001+-0.046 kk=-0.008
pupujepa   n/key=   4 fifths=+0.016+-0.035 kk=+0.014
pupujepa   n/key=   8 fifths=-0.000+-0.025 kk=+0.002
pupujepa   n/key=  16 fifths=+0.019+-0.050 kk=+0.014
pupujepa   n/key=  32 fifths=+0.034+-0.035 kk=+0.032
pupujepa   n/key=  64 fifths=+0.063+-0.037 kk=+0.055
pupujepa   n/key= 128 fifths=+0.075+-0.022 kk=+0.061
pupujepa   n/key= all fifths=+0.072+-0.000 kk=+0.066
wrote runs/examples_per_centroid.json
