[cqt] D=84 notes=8631 clips=7035 fit-inst=75 eval-inst=75
  ambient done 24s
  pc_lda     d=1   var= 0.63%gs d12=+0.216 dstr=+0.209 rho5=-0.059 rho5_comp=-0.024 (amb -0.035)  (32s)
  pc_lda     d=2   var= 1.21%gs d12=+0.118 dstr=+0.111 rho5=-0.094 rho5_comp=-0.018 (amb -0.035)  (38s)
  pc_lda     d=3   var= 1.64%gs d12=+0.199 dstr=+0.197 rho5=-0.103 rho5_comp=-0.011 (amb -0.035)  (43s)
  pc_lda     d=4   var= 2.03%gs d12=+0.237 dstr=+0.245 rho5=-0.126 rho5_comp=+0.007 (amb -0.035)  (48s)
  pc_lda     d=6   var= 2.60%gs d12=+0.296 dstr=+0.306 rho5=-0.165 rho5_comp=+0.010 (amb -0.035)  (54s)
  pc_lda     d=8   var= 2.67%gs d12=+0.318 dstr=+0.327 rho5=-0.164 rho5_comp=+0.008 (amb -0.035)  (59s)
  pc_lda     d=11  var= 2.82%gs d12=+0.334 dstr=+0.344 rho5=-0.172 rho5_comp=+0.014 (amb -0.035)  (64s)
  pitch_lda  d=1   var= 0.60%gs d12=+0.158 dstr=+0.076 rho5=-0.064 rho5_comp=-0.028 (amb -0.035)  (70s)
  pitch_lda  d=2   var= 1.14%gs d12=+0.122 dstr=-0.006 rho5=-0.080 rho5_comp=-0.021 (amb -0.035)  (75s)
  pitch_lda  d=3   var= 1.77%gs d12=+0.104 dstr=+0.030 rho5=-0.082 rho5_comp=-0.016 (amb -0.035)  (81s)
  pitch_lda  d=4   var= 2.36%gs d12=+0.100 dstr=+0.060 rho5=-0.079 rho5_comp=-0.015 (amb -0.035)  (86s)
  pitch_lda  d=6   var= 3.68%gs d12=+0.154 dstr=+0.187 rho5=-0.131 rho5_comp=+0.011 (amb -0.035)  (91s)
  pitch_lda  d=8   var= 4.74%gs d12=+0.131 dstr=+0.148 rho5=-0.124 rho5_comp=+0.016 (amb -0.035)  (97s)
  pitch_lda  d=11  var= 6.07%gs d12=+0.131 dstr=+0.166 rho5=-0.132 rho5_comp=+0.026 (amb -0.035)  (103s)
  key_lda    d=1   var= 0.44%gs d12=+0.436 dstr=+0.413 rho5=-0.016 rho5_comp=-0.005 (amb -0.007)  (110s)
  key_lda    d=2   var= 0.76%gs d12=+0.529 dstr=+0.338 rho5=+0.002 rho5_comp=-0.006 (amb -0.007)  (115s)
  key_lda    d=3   var= 1.36%gs d12=+0.428 dstr=+0.471 rho5=-0.021 rho5_comp=-0.006 (amb -0.007)  (121s)
  key_lda    d=4   var= 1.72%gs d12=+0.432 dstr=+0.466 rho5=-0.017 rho5_comp=-0.007 (amb -0.007)  (126s)
  key_lda    d=6   var= 2.60%gs d12=+0.306 dstr=+0.332 rho5=-0.022 rho5_comp=-0.005 (amb -0.007)  (131s)
  key_lda    d=8   var= 3.31%gs d12=+0.252 dstr=+0.280 rho5=-0.037 rho5_comp=-0.003 (amb -0.007)  (137s)
  key_lda    d=11  var= 6.00%gs d12=+0.113 dstr=+0.125 rho5=+0.002 rho5_comp=-0.006 (amb -0.007)  (142s)
  random     d=1   d12=+0.015 dstr=+0.012 rho5=-0.014  (146s)
  random     d=2   d12=+0.006 dstr=+0.009 rho5=-0.004  (149s)
  random     d=3   d12=+0.011 dstr=+0.011 rho5=-0.012  (153s)
  random     d=4   d12=+0.007 dstr=+0.007 rho5=+0.006  (157s)
  random     d=6   d12=+0.004 dstr=+0.003 rho5=-0.004  (161s)
  random     d=8   d12=+0.005 dstr=+0.005 rho5=-0.022  (164s)
  random     d=11  d12=+0.004 dstr=+0.004 rho5=-0.015  (167s)
wrote runs/subspace_cqt.json in 167s
