[mert_L16] D=1024 notes=8631 clips=7035 fit-inst=75 eval-inst=75
  ambient done 25s
  pc_lda     d=1   var= 0.06%gs d12=-0.002 dstr=-0.004 rho5=-0.033 rho5_comp=+0.395 (amb +0.395)  (36s)
  pc_lda     d=2   var= 0.12%gs d12=+0.031 dstr=+0.033 rho5=-0.034 rho5_comp=+0.396 (amb +0.395)  (45s)
  pc_lda     d=3   var= 0.18%gs d12=+0.076 dstr=+0.082 rho5=-0.035 rho5_comp=+0.397 (amb +0.395)  (55s)
  pc_lda     d=4   var= 0.23%gs d12=+0.100 dstr=+0.109 rho5=-0.061 rho5_comp=+0.398 (amb +0.395)  (63s)
  pc_lda     d=6   var= 0.34%gs d12=+0.189 dstr=+0.194 rho5=+0.070 rho5_comp=+0.394 (amb +0.395)  (71s)
  pc_lda     d=8   var= 0.51%gs d12=+0.292 dstr=+0.298 rho5=+0.663 rho5_comp=+0.370 (amb +0.395)  (79s)
  pc_lda     d=11  var= 0.57%gs d12=+0.308 dstr=+0.314 rho5=+0.662 rho5_comp=+0.370 (amb +0.395)  (86s)
  pitch_lda  d=1   var= 0.06%gs d12=-0.002 dstr=-0.151 rho5=+0.057 rho5_comp=+0.395 (amb +0.395)  (95s)
  pitch_lda  d=2   var= 0.17%gs d12=+0.002 dstr=-0.218 rho5=-0.015 rho5_comp=+0.395 (amb +0.395)  (103s)
  pitch_lda  d=3   var= 0.29%gs d12=+0.034 dstr=+0.001 rho5=-0.046 rho5_comp=+0.396 (amb +0.395)  (112s)
  pitch_lda  d=4   var= 0.40%gs d12=+0.045 dstr=+0.019 rho5=-0.059 rho5_comp=+0.398 (amb +0.395)  (121s)
  pitch_lda  d=6   var= 0.55%gs d12=+0.087 dstr=+0.077 rho5=-0.023 rho5_comp=+0.399 (amb +0.395)  (130s)
  pitch_lda  d=8   var= 0.80%gs d12=+0.140 dstr=+0.120 rho5=+0.020 rho5_comp=+0.399 (amb +0.395)  (139s)
  pitch_lda  d=11  var= 1.12%gs d12=+0.182 dstr=+0.162 rho5=+0.090 rho5_comp=+0.390 (amb +0.395)  (148s)
  key_lda    d=1   var= 0.06%gs d12=+0.011 dstr=+0.000 rho5=+0.400 rho5_comp=+0.100 (amb +0.101)  (158s)
  key_lda    d=2   var= 0.12%gs d12=+0.087 dstr=+0.051 rho5=+0.572 rho5_comp=+0.096 (amb +0.101)  (166s)
  key_lda    d=3   var= 0.17%gs d12=+0.106 dstr=+0.083 rho5=+0.520 rho5_comp=+0.096 (amb +0.101)  (173s)
  key_lda    d=4   var= 0.21%gs d12=+0.121 dstr=+0.086 rho5=+0.473 rho5_comp=+0.096 (amb +0.101)  (181s)
  key_lda    d=6   var= 0.30%gs d12=+0.141 dstr=+0.104 rho5=+0.502 rho5_comp=+0.095 (amb +0.101)  (188s)
  key_lda    d=8   var= 0.39%gs d12=+0.149 dstr=+0.130 rho5=+0.490 rho5_comp=+0.095 (amb +0.101)  (196s)
  key_lda    d=11  var= 0.47%gs d12=+0.147 dstr=+0.116 rho5=+0.499 rho5_comp=+0.094 (amb +0.101)  (204s)
  random     d=1   d12=+0.019 dstr=-0.001 rho5=+0.054  (208s)
  random     d=2   d12=+0.009 dstr=-0.012 rho5=+0.102  (212s)
  random     d=3   d12=+0.014 dstr=-0.014 rho5=+0.118  (216s)
  random     d=4   d12=+0.019 dstr=-0.011 rho5=+0.195  (221s)
  random     d=6   d12=+0.010 dstr=-0.008 rho5=+0.206  (225s)
  random     d=8   d12=+0.012 dstr=-0.009 rho5=+0.254  (230s)
  random     d=11  d12=+0.014 dstr=-0.008 rho5=+0.290  (234s)
wrote runs/subspace_mert_L16.json in 234s
