[mert_L12] D=1024 notes=8631 clips=7035 fit-inst=75 eval-inst=75
  ambient done 26s
  pc_lda     d=1   var= 0.07%gs d12=-0.002 dstr=+0.004 rho5=-0.053 rho5_comp=+0.467 (amb +0.468)  (36s)
  pc_lda     d=2   var= 0.14%gs d12=+0.021 dstr=+0.023 rho5=-0.042 rho5_comp=+0.468 (amb +0.468)  (44s)
  pc_lda     d=3   var= 0.21%gs d12=+0.063 dstr=+0.071 rho5=-0.034 rho5_comp=+0.470 (amb +0.468)  (51s)
  pc_lda     d=4   var= 0.26%gs d12=+0.091 dstr=+0.096 rho5=-0.070 rho5_comp=+0.471 (amb +0.468)  (59s)
  pc_lda     d=6   var= 0.39%gs d12=+0.206 dstr=+0.205 rho5=+0.088 rho5_comp=+0.466 (amb +0.468)  (67s)
  pc_lda     d=8   var= 0.59%gs d12=+0.312 dstr=+0.310 rho5=+0.656 rho5_comp=+0.443 (amb +0.468)  (74s)
  pc_lda     d=11  var= 0.67%gs d12=+0.361 dstr=+0.361 rho5=+0.655 rho5_comp=+0.443 (amb +0.468)  (81s)
  pitch_lda  d=1   var= 0.07%gs d12=-0.011 dstr=-0.116 rho5=+0.051 rho5_comp=+0.468 (amb +0.468)  (90s)
  pitch_lda  d=2   var= 0.21%gs d12=+0.001 dstr=-0.077 rho5=-0.017 rho5_comp=+0.468 (amb +0.468)  (98s)
  pitch_lda  d=3   var= 0.39%gs d12=+0.026 dstr=+0.001 rho5=-0.001 rho5_comp=+0.465 (amb +0.468)  (107s)
  pitch_lda  d=4   var= 0.55%gs d12=+0.050 dstr=+0.027 rho5=+0.002 rho5_comp=+0.467 (amb +0.468)  (115s)
  pitch_lda  d=6   var= 0.83%gs d12=+0.151 dstr=+0.123 rho5=+0.018 rho5_comp=+0.469 (amb +0.468)  (123s)
  pitch_lda  d=8   var= 1.11%gs d12=+0.194 dstr=+0.164 rho5=-0.010 rho5_comp=+0.473 (amb +0.468)  (132s)
  pitch_lda  d=11  var= 1.57%gs d12=+0.253 dstr=+0.225 rho5=+0.381 rho5_comp=+0.438 (amb +0.468)  (140s)
  key_lda    d=1   var= 0.08%gs d12=-0.002 dstr=-0.013 rho5=+0.426 rho5_comp=+0.125 (amb +0.127)  (150s)
  key_lda    d=2   var= 0.15%gs d12=+0.207 dstr=+0.165 rho5=+0.573 rho5_comp=+0.120 (amb +0.127)  (158s)
  key_lda    d=3   var= 0.22%gs d12=+0.227 dstr=+0.215 rho5=+0.525 rho5_comp=+0.119 (amb +0.127)  (165s)
  key_lda    d=4   var= 0.28%gs d12=+0.251 dstr=+0.223 rho5=+0.488 rho5_comp=+0.119 (amb +0.127)  (172s)
  key_lda    d=6   var= 0.39%gs d12=+0.219 dstr=+0.210 rho5=+0.485 rho5_comp=+0.119 (amb +0.127)  (179s)
  key_lda    d=8   var= 0.50%gs d12=+0.230 dstr=+0.221 rho5=+0.493 rho5_comp=+0.118 (amb +0.127)  (187s)
  key_lda    d=11  var= 0.61%gs d12=+0.238 dstr=+0.240 rho5=+0.491 rho5_comp=+0.117 (amb +0.127)  (194s)
  random     d=1   d12=+0.021 dstr=-0.002 rho5=+0.076  (198s)
  random     d=2   d12=+0.010 dstr=-0.003 rho5=+0.092  (202s)
  random     d=3   d12=+0.025 dstr=-0.026 rho5=+0.174  (205s)
  random     d=4   d12=+0.024 dstr=-0.019 rho5=+0.264  (209s)
  random     d=6   d12=+0.020 dstr=-0.008 rho5=+0.229  (213s)
  random     d=8   d12=+0.017 dstr=-0.011 rho5=+0.246  (217s)
  random     d=11  d12=+0.017 dstr=-0.005 rho5=+0.313  (221s)
wrote runs/subspace_mert_L12.json in 221s
