/scratch2/solbon1212/topo-music/scripts/13_tonal_subspace.py:41: UserWarning: A NumPy version >=1.26.4 and <2.7.0 is required for this version of SciPy (detected version 1.26.3)
  from scipy.spatial.distance import pdist, squareform
[muq_L6] D=1024 notes=8631 clips=5476 fit-inst=75 eval-inst=75
  ambient done 11s
  pc_lda     d=1   var= 0.02%gs d12=+0.191 dstr=+0.200 rho5=+0.016 rho5_comp=+0.467 (amb +0.467)  (110s)
  pc_lda     d=2   var= 0.05%gs d12=+0.156 dstr=+0.148 rho5=-0.017 rho5_comp=+0.467 (amb +0.467)  (212s)
  pc_lda     d=3   var= 0.07%gs d12=+0.269 dstr=+0.258 rho5=+0.027 rho5_comp=+0.468 (amb +0.467)  (287s)
  pc_lda     d=4   var= 0.10%gs d12=+0.362 dstr=+0.362 rho5=+0.033 rho5_comp=+0.469 (amb +0.467)  (358s)
  pc_lda     d=6   var= 0.18%gs d12=+0.432 dstr=+0.446 rho5=-0.022 rho5_comp=+0.471 (amb +0.467)  (412s)
  pc_lda     d=8   var= 0.28%gs d12=+0.511 dstr=+0.516 rho5=+0.508 rho5_comp=+0.464 (amb +0.467)  (469s)
  pc_lda     d=11  var= 0.36%gs d12=+0.522 dstr=+0.529 rho5=+0.512 rho5_comp=+0.464 (amb +0.467)  (516s)
/scratch2/solbon1212/topo-music/.venv/lib64/python3.11/site-packages/sklearn/covariance/_shrunk_covariance.py:349: UserWarning: Only one sample available. You may want to reshape your data array
  warnings.warn(
/scratch2/solbon1212/topo-music/.venv/lib64/python3.11/site-packages/sklearn/covariance/_empirical_covariance.py:100: UserWarning: Only one sample available. You may want to reshape your data array
  warnings.warn(
/scratch2/solbon1212/topo-music/.venv/lib64/python3.11/site-packages/sklearn/covariance/_shrunk_covariance.py:349: UserWarning: Only one sample available. You may want to reshape your data array
  warnings.warn(
/scratch2/solbon1212/topo-music/.venv/lib64/python3.11/site-packages/sklearn/covariance/_empirical_covariance.py:100: UserWarning: Only one sample available. You may want to reshape your data array
  warnings.warn(
  pitch_lda  d=1   var= 0.06%gs d12=-0.009 dstr=-0.169 rho5=-0.051 rho5_comp=+0.467 (amb +0.467)  (571s)
/scratch2/solbon1212/topo-music/.venv/lib64/python3.11/site-packages/sklearn/covariance/_shrunk_covariance.py:349: UserWarning: Only one sample available. You may want to reshape your data array
  warnings.warn(
/scratch2/solbon1212/topo-music/.venv/lib64/python3.11/site-packages/sklearn/covariance/_empirical_covariance.py:100: UserWarning: Only one sample available. You may want to reshape your data array
  warnings.warn(
/scratch2/solbon1212/topo-music/.venv/lib64/python3.11/site-packages/sklearn/covariance/_shrunk_covariance.py:349: UserWarning: Only one sample available. You may want to reshape your data array
  warnings.warn(
/scratch2/solbon1212/topo-music/.venv/lib64/python3.11/site-packages/sklearn/covariance/_empirical_covariance.py:100: UserWarning: Only one sample available. You may want to reshape your data array
  warnings.warn(
  pitch_lda  d=2   var= 0.12%gs d12=+0.001 dstr=-0.216 rho5=+0.012 rho5_comp=+0.467 (amb +0.467)  (625s)
/scratch2/solbon1212/topo-music/.venv/lib64/python3.11/site-packages/sklearn/covariance/_shrunk_covariance.py:349: UserWarning: Only one sample available. You may want to reshape your data array
  warnings.warn(
/scratch2/solbon1212/topo-music/.venv/lib64/python3.11/site-packages/sklearn/covariance/_empirical_covariance.py:100: UserWarning: Only one sample available. You may want to reshape your data array
  warnings.warn(
/scratch2/solbon1212/topo-music/.venv/lib64/python3.11/site-packages/sklearn/covariance/_shrunk_covariance.py:349: UserWarning: Only one sample available. You may want to reshape your data array
  warnings.warn(
/scratch2/solbon1212/topo-music/.venv/lib64/python3.11/site-packages/sklearn/covariance/_empirical_covariance.py:100: UserWarning: Only one sample available. You may want to reshape your data array
  warnings.warn(
  pitch_lda  d=3   var= 0.19%gs d12=+0.036 dstr=-0.005 rho5=-0.030 rho5_comp=+0.468 (amb +0.467)  (721s)
/scratch2/solbon1212/topo-music/.venv/lib64/python3.11/site-packages/sklearn/covariance/_shrunk_covariance.py:349: UserWarning: Only one sample available. You may want to reshape your data array
  warnings.warn(
/scratch2/solbon1212/topo-music/.venv/lib64/python3.11/site-packages/sklearn/covariance/_empirical_covariance.py:100: UserWarning: Only one sample available. You may want to reshape your data array
  warnings.warn(
/scratch2/solbon1212/topo-music/.venv/lib64/python3.11/site-packages/sklearn/covariance/_shrunk_covariance.py:349: UserWarning: Only one sample available. You may want to reshape your data array
  warnings.warn(
/scratch2/solbon1212/topo-music/.venv/lib64/python3.11/site-packages/sklearn/covariance/_empirical_covariance.py:100: UserWarning: Only one sample available. You may want to reshape your data array
  warnings.warn(
  pitch_lda  d=4   var= 0.25%gs d12=+0.045 dstr=+0.019 rho5=-0.052 rho5_comp=+0.468 (amb +0.467)  (828s)
/scratch2/solbon1212/topo-music/.venv/lib64/python3.11/site-packages/sklearn/covariance/_shrunk_covariance.py:349: UserWarning: Only one sample available. You may want to reshape your data array
  warnings.warn(
/scratch2/solbon1212/topo-music/.venv/lib64/python3.11/site-packages/sklearn/covariance/_empirical_covariance.py:100: UserWarning: Only one sample available. You may want to reshape your data array
  warnings.warn(
/scratch2/solbon1212/topo-music/.venv/lib64/python3.11/site-packages/sklearn/covariance/_shrunk_covariance.py:349: UserWarning: Only one sample available. You may want to reshape your data array
  warnings.warn(
/scratch2/solbon1212/topo-music/.venv/lib64/python3.11/site-packages/sklearn/covariance/_empirical_covariance.py:100: UserWarning: Only one sample available. You may want to reshape your data array
  warnings.warn(
  pitch_lda  d=6   var= 0.39%gs d12=+0.155 dstr=+0.154 rho5=+0.028 rho5_comp=+0.471 (amb +0.467)  (938s)
/scratch2/solbon1212/topo-music/.venv/lib64/python3.11/site-packages/sklearn/covariance/_shrunk_covariance.py:349: UserWarning: Only one sample available. You may want to reshape your data array
  warnings.warn(
/scratch2/solbon1212/topo-music/.venv/lib64/python3.11/site-packages/sklearn/covariance/_empirical_covariance.py:100: UserWarning: Only one sample available. You may want to reshape your data array
  warnings.warn(
/scratch2/solbon1212/topo-music/.venv/lib64/python3.11/site-packages/sklearn/covariance/_shrunk_covariance.py:349: UserWarning: Only one sample available. You may want to reshape your data array
  warnings.warn(
/scratch2/solbon1212/topo-music/.venv/lib64/python3.11/site-packages/sklearn/covariance/_empirical_covariance.py:100: UserWarning: Only one sample available. You may want to reshape your data array
  warnings.warn(
  pitch_lda  d=8   var= 0.55%gs d12=+0.183 dstr=+0.184 rho5=-0.007 rho5_comp=+0.473 (amb +0.467)  (1033s)
/scratch2/solbon1212/topo-music/.venv/lib64/python3.11/site-packages/sklearn/covariance/_shrunk_covariance.py:349: UserWarning: Only one sample available. You may want to reshape your data array
  warnings.warn(
/scratch2/solbon1212/topo-music/.venv/lib64/python3.11/site-packages/sklearn/covariance/_empirical_covariance.py:100: UserWarning: Only one sample available. You may want to reshape your data array
  warnings.warn(
/scratch2/solbon1212/topo-music/.venv/lib64/python3.11/site-packages/sklearn/covariance/_shrunk_covariance.py:349: UserWarning: Only one sample available. You may want to reshape your data array
  warnings.warn(
/scratch2/solbon1212/topo-music/.venv/lib64/python3.11/site-packages/sklearn/covariance/_empirical_covariance.py:100: UserWarning: Only one sample available. You may want to reshape your data array
  warnings.warn(
  pitch_lda  d=11  var= 0.77%gs d12=+0.198 dstr=+0.194 rho5=-0.036 rho5_comp=+0.476 (amb +0.467)  (1129s)
  key_lda    d=1   var= 0.07%gs d12=+0.336 dstr=+0.036 rho5=+0.102 rho5_comp=+0.399 (amb +0.399)  (1211s)
  key_lda    d=2   var= 0.15%gs d12=+0.358 dstr=+0.143 rho5=+0.267 rho5_comp=+0.396 (amb +0.399)  (1298s)
  key_lda    d=3   var= 0.22%gs d12=+0.457 dstr=+0.269 rho5=+0.515 rho5_comp=+0.391 (amb +0.399)  (1367s)
  key_lda    d=4   var= 0.29%gs d12=+0.482 dstr=+0.204 rho5=+0.479 rho5_comp=+0.393 (amb +0.399)  (1464s)
  key_lda    d=6   var= 0.40%gs d12=+0.413 dstr=+0.409 rho5=+0.478 rho5_comp=+0.393 (amb +0.399)  (1560s)
  key_lda    d=8   var= 0.51%gs d12=+0.289 dstr=+0.309 rho5=+0.469 rho5_comp=+0.393 (amb +0.399)  (1613s)
  key_lda    d=11  var= 0.73%gs d12=+0.111 dstr=+0.113 rho5=+0.456 rho5_comp=+0.394 (amb +0.399)  (1671s)
  random     d=1   d12=+0.036 dstr=-0.006 rho5=+0.072  (1689s)
  random     d=2   d12=+0.030 dstr=+0.006 rho5=+0.132  (1708s)
  random     d=3   d12=+0.040 dstr=+0.021 rho5=+0.161  (1725s)
  random     d=4   d12=+0.035 dstr=+0.023 rho5=+0.173  (1735s)
  random     d=6   d12=+0.037 dstr=+0.029 rho5=+0.266  (1751s)
  random     d=8   d12=+0.035 dstr=+0.019 rho5=+0.295  (1765s)
  random     d=11  d12=+0.036 dstr=+0.023 rho5=+0.303  (1783s)
wrote runs/subspace_muq_L6_fmak.json in 1783s
