[mert_L4] D=1024 notes=8631 clips=7035 fit-inst=75 eval-inst=75
  ambient done 26s
  pc_lda     d=1   var= 0.05%gs d12=+0.520 dstr=+0.493 rho5=+0.024 rho5_comp=+0.446 (amb +0.445)  (37s)
  pc_lda     d=2   var= 0.11%gs d12=+0.424 dstr=+0.439 rho5=-0.012 rho5_comp=+0.446 (amb +0.445)  (47s)
  pc_lda     d=3   var= 0.16%gs d12=+0.313 dstr=+0.318 rho5=+0.004 rho5_comp=+0.446 (amb +0.445)  (57s)
  pc_lda     d=4   var= 0.21%gs d12=+0.291 dstr=+0.297 rho5=+0.016 rho5_comp=+0.446 (amb +0.445)  (75s)
  pc_lda     d=6   var= 0.34%gs d12=+0.376 dstr=+0.383 rho5=+0.447 rho5_comp=+0.434 (amb +0.445)  (95s)
  pc_lda     d=8   var= 0.45%gs d12=+0.459 dstr=+0.468 rho5=+0.662 rho5_comp=+0.428 (amb +0.445)  (110s)
  pc_lda     d=11  var= 0.51%gs d12=+0.515 dstr=+0.526 rho5=+0.662 rho5_comp=+0.427 (amb +0.445)  (121s)
  pitch_lda  d=1   var= 0.09%gs d12=+0.007 dstr=-0.169 rho5=+0.003 rho5_comp=+0.445 (amb +0.445)  (147s)
  pitch_lda  d=2   var= 0.20%gs d12=+0.009 dstr=-0.164 rho5=-0.041 rho5_comp=+0.445 (amb +0.445)  (182s)
  pitch_lda  d=3   var= 0.33%gs d12=+0.094 dstr=+0.064 rho5=+0.070 rho5_comp=+0.442 (amb +0.445)  (203s)
  pitch_lda  d=4   var= 0.44%gs d12=+0.133 dstr=+0.113 rho5=+0.039 rho5_comp=+0.444 (amb +0.445)  (230s)
  pitch_lda  d=6   var= 0.68%gs d12=+0.211 dstr=+0.192 rho5=+0.034 rho5_comp=+0.445 (amb +0.445)  (247s)
  pitch_lda  d=8   var= 0.92%gs d12=+0.255 dstr=+0.226 rho5=+0.107 rho5_comp=+0.439 (amb +0.445)  (269s)
  pitch_lda  d=11  var= 1.30%gs d12=+0.372 dstr=+0.335 rho5=+0.600 rho5_comp=+0.402 (amb +0.445)  (293s)
  key_lda    d=1   var= 0.06%gs d12=+0.271 dstr=+0.173 rho5=+0.348 rho5_comp=+0.118 (amb +0.118)  (315s)
  key_lda    d=2   var= 0.11%gs d12=+0.357 dstr=+0.261 rho5=+0.562 rho5_comp=+0.114 (amb +0.118)  (336s)
  key_lda    d=3   var= 0.16%gs d12=+0.339 dstr=+0.304 rho5=+0.522 rho5_comp=+0.113 (amb +0.118)  (358s)
  key_lda    d=4   var= 0.21%gs d12=+0.396 dstr=+0.303 rho5=+0.500 rho5_comp=+0.114 (amb +0.118)  (372s)
