[pq_stft] D=720 notes=8631 clips=7035 fit-inst=75 eval-inst=75
  ambient done 36s
  pc_lda     d=1   var= 0.23%gs d12=+0.258 dstr=+0.276 rho5=+0.002 rho5_comp=+0.553 (amb +0.550)  (121s)
  pc_lda     d=2   var= 0.54%gs d12=+0.155 dstr=+0.159 rho5=-0.037 rho5_comp=+0.555 (amb +0.550)  (188s)
  pc_lda     d=3   var= 0.75%gs d12=+0.244 dstr=+0.256 rho5=-0.038 rho5_comp=+0.559 (amb +0.550)  (235s)
  pc_lda     d=4   var= 0.94%gs d12=+0.293 dstr=+0.309 rho5=-0.022 rho5_comp=+0.561 (amb +0.550)  (340s)
  pc_lda     d=6   var= 1.34%gs d12=+0.455 dstr=+0.473 rho5=+0.001 rho5_comp=+0.568 (amb +0.550)  (402s)
  pc_lda     d=8   var= 1.89%gs d12=+0.624 dstr=+0.636 rho5=+0.581 rho5_comp=+0.534 (amb +0.550)  (447s)
  pc_lda     d=11  var= 2.30%gs d12=+0.753 dstr=+0.767 rho5=+0.659 rho5_comp=+0.523 (amb +0.550)  (486s)
  pitch_lda  d=1   var= 0.60%gs d12=+0.189 dstr=+0.062 rho5=-0.047 rho5_comp=+0.554 (amb +0.550)  (532s)
  pitch_lda  d=2   var= 1.12%gs d12=+0.130 dstr=+0.026 rho5=-0.074 rho5_comp=+0.560 (amb +0.550)  (588s)
  pitch_lda  d=3   var= 1.68%gs d12=+0.216 dstr=+0.179 rho5=-0.001 rho5_comp=+0.565 (amb +0.550)  (638s)
  pitch_lda  d=4   var= 2.21%gs d12=+0.254 dstr=+0.254 rho5=-0.040 rho5_comp=+0.579 (amb +0.550)  (686s)
  pitch_lda  d=6   var= 3.67%gs d12=+0.246 dstr=+0.224 rho5=-0.059 rho5_comp=+0.587 (amb +0.550)  (747s)
  pitch_lda  d=8   var= 4.79%gs d12=+0.330 dstr=+0.300 rho5=-0.105 rho5_comp=+0.607 (amb +0.550)  (779s)
  pitch_lda  d=11  var= 6.44%gs d12=+0.475 dstr=+0.477 rho5=+0.418 rho5_comp=+0.535 (amb +0.550)  (829s)
  key_lda    d=1   var= 0.14%gs d12=+0.811 dstr=+0.413 rho5=+0.421 rho5_comp=+0.275 (amb +0.279)  (872s)
  key_lda    d=2   var= 0.26%gs d12=+0.943 dstr=+0.433 rho5=+0.599 rho5_comp=+0.271 (amb +0.279)  (907s)
  key_lda    d=3   var= 0.39%gs d12=+0.756 dstr=+0.567 rho5=+0.624 rho5_comp=+0.270 (amb +0.279)  (958s)
  key_lda    d=4   var= 0.50%gs d12=+0.784 dstr=+0.603 rho5=+0.583 rho5_comp=+0.270 (amb +0.279)  (992s)
  key_lda    d=6   var= 0.69%gs d12=+0.732 dstr=+0.725 rho5=+0.507 rho5_comp=+0.270 (amb +0.279)  (1017s)
  key_lda    d=8   var= 0.88%gs d12=+0.783 dstr=+0.791 rho5=+0.521 rho5_comp=+0.269 (amb +0.279)  (1056s)
  key_lda    d=11  var= 1.11%gs d12=+0.694 dstr=+0.739 rho5=+0.467 rho5_comp=+0.270 (amb +0.279)  (1088s)
  random     d=1   d12=+0.150 dstr=+0.081 rho5=+0.135  (1098s)
  random     d=2   d12=+0.152 dstr=+0.130 rho5=+0.086  (1105s)
  random     d=3   d12=+0.191 dstr=+0.175 rho5=+0.249  (1111s)
  random     d=4   d12=+0.226 dstr=+0.213 rho5=+0.284  (1118s)
  random     d=6   d12=+0.200 dstr=+0.185 rho5=+0.279  (1126s)
  random     d=8   d12=+0.204 dstr=+0.198 rho5=+0.333  (1136s)
  random     d=11  d12=+0.195 dstr=+0.205 rho5=+0.292  (1145s)
wrote runs/subspace_pq_stft.json in 1145s
