[pq_stft] D=720 notes=8631 clips=5476 fit-inst=75 eval-inst=75
  ambient done 35s
  pc_lda     d=1   var= 0.21%gs d12=+0.243 dstr=+0.227 rho5=+0.001 rho5_comp=+0.454 (amb +0.454)  (69s)
  pc_lda     d=2   var= 0.40%gs d12=+0.159 dstr=+0.142 rho5=-0.018 rho5_comp=+0.454 (amb +0.454)  (106s)
  pc_lda     d=3   var= 0.60%gs d12=+0.266 dstr=+0.259 rho5=-0.052 rho5_comp=+0.456 (amb +0.454)  (139s)
  pc_lda     d=4   var= 0.88%gs d12=+0.361 dstr=+0.348 rho5=+0.027 rho5_comp=+0.454 (amb +0.454)  (178s)
  pc_lda     d=6   var= 1.63%gs d12=+0.501 dstr=+0.488 rho5=+0.057 rho5_comp=+0.462 (amb +0.454)  (206s)
  pc_lda     d=8   var= 2.26%gs d12=+0.674 dstr=+0.666 rho5=+0.439 rho5_comp=+0.433 (amb +0.454)  (236s)
  pc_lda     d=11  var= 2.99%gs d12=+0.822 dstr=+0.821 rho5=+0.600 rho5_comp=+0.415 (amb +0.454)  (283s)
  pitch_lda  d=1   var= 0.92%gs d12=+0.211 dstr=+0.021 rho5=-0.063 rho5_comp=+0.453 (amb +0.454)  (322s)
  pitch_lda  d=2   var= 1.80%gs d12=+0.134 dstr=-0.034 rho5=-0.060 rho5_comp=+0.452 (amb +0.454)  (356s)
  pitch_lda  d=3   var= 2.78%gs d12=+0.197 dstr=+0.172 rho5=-0.070 rho5_comp=+0.461 (amb +0.454)  (394s)
  pitch_lda  d=4   var= 3.69%gs d12=+0.262 dstr=+0.303 rho5=-0.114 rho5_comp=+0.470 (amb +0.454)  (418s)
  pitch_lda  d=6   var= 5.59%gs d12=+0.324 dstr=+0.338 rho5=-0.059 rho5_comp=+0.480 (amb +0.454)  (449s)
  pitch_lda  d=8   var= 7.16%gs d12=+0.326 dstr=+0.318 rho5=-0.049 rho5_comp=+0.481 (amb +0.454)  (481s)
  pitch_lda  d=11  var= 9.60%gs d12=+0.484 dstr=+0.513 rho5=+0.394 rho5_comp=+0.399 (amb +0.454)  (529s)
  key_lda    d=1   var= 0.21%gs d12=+0.805 dstr=+0.343 rho5=+0.398 rho5_comp=+0.381 (amb +0.389)  (572s)
  key_lda    d=2   var= 0.43%gs d12=+0.836 dstr=+0.531 rho5=+0.349 rho5_comp=+0.382 (amb +0.389)  (607s)
  key_lda    d=3   var= 0.65%gs d12=+0.985 dstr=+0.668 rho5=+0.586 rho5_comp=+0.379 (amb +0.389)  (642s)
  key_lda    d=4   var= 0.86%gs d12=+0.939 dstr=+0.513 rho5=+0.544 rho5_comp=+0.379 (amb +0.389)  (678s)
  key_lda    d=6   var= 1.19%gs d12=+0.733 dstr=+0.719 rho5=+0.487 rho5_comp=+0.382 (amb +0.389)  (711s)
  key_lda    d=8   var= 1.48%gs d12=+0.678 dstr=+0.718 rho5=+0.481 rho5_comp=+0.382 (amb +0.389)  (741s)
  key_lda    d=11  var= 1.86%gs d12=+0.637 dstr=+0.698 rho5=+0.459 rho5_comp=+0.382 (amb +0.389)  (773s)
  random     d=1   d12=+0.123 dstr=+0.125 rho5=+0.107  (780s)
  random     d=2   d12=+0.221 dstr=+0.195 rho5=+0.179  (788s)
  random     d=3   d12=+0.222 dstr=+0.204 rho5=+0.166  (795s)
  random     d=4   d12=+0.247 dstr=+0.237 rho5=+0.250  (804s)
  random     d=6   d12=+0.242 dstr=+0.224 rho5=+0.285  (811s)
  random     d=8   d12=+0.217 dstr=+0.209 rho5=+0.332  (818s)
  random     d=11  d12=+0.239 dstr=+0.236 rho5=+0.325  (825s)
wrote runs/subspace_pq_stft_fmak.json in 825s
