[hcqt] D=2160 notes=8631 clips=5476 fit-inst=75 eval-inst=75
  ambient done 39s
  pc_lda     d=1   var= 0.06%gs d12=+0.285 dstr=+0.261 rho5=-0.009 rho5_comp=+0.389 (amb +0.389)  (207s)
  pc_lda     d=2   var= 0.12%gs d12=+0.205 dstr=+0.211 rho5=-0.006 rho5_comp=+0.388 (amb +0.389)  (397s)
  pc_lda     d=3   var= 0.17%gs d12=+0.322 dstr=+0.333 rho5=-0.037 rho5_comp=+0.389 (amb +0.389)  (646s)
  pc_lda     d=4   var= 0.25%gs d12=+0.390 dstr=+0.384 rho5=+0.021 rho5_comp=+0.389 (amb +0.389)  (773s)
  pc_lda     d=6   var= 0.43%gs d12=+0.536 dstr=+0.544 rho5=+0.018 rho5_comp=+0.390 (amb +0.389)  (890s)
  pc_lda     d=8   var= 0.67%gs d12=+0.769 dstr=+0.767 rho5=+0.407 rho5_comp=+0.375 (amb +0.389)  (1007s)
  pc_lda     d=11  var= 0.93%gs d12=+0.921 dstr=+0.927 rho5=+0.618 rho5_comp=+0.360 (amb +0.389)  (1108s)
  pitch_lda  d=1   var= 0.22%gs d12=+0.384 dstr=+0.499 rho5=-0.066 rho5_comp=+0.390 (amb +0.389)  (1225s)
  pitch_lda  d=2   var= 0.45%gs d12=+0.186 dstr=+0.198 rho5=-0.067 rho5_comp=+0.389 (amb +0.389)  (1336s)
  pitch_lda  d=3   var= 0.69%gs d12=+0.196 dstr=+0.271 rho5=-0.088 rho5_comp=+0.391 (amb +0.389)  (1419s)
  pitch_lda  d=4   var= 0.94%gs d12=+0.185 dstr=+0.206 rho5=-0.087 rho5_comp=+0.391 (amb +0.389)  (1489s)
  pitch_lda  d=6   var= 1.36%gs d12=+0.199 dstr=+0.190 rho5=-0.026 rho5_comp=+0.393 (amb +0.389)  (1599s)
  pitch_lda  d=8   var= 1.83%gs d12=+0.291 dstr=+0.277 rho5=+0.046 rho5_comp=+0.389 (amb +0.389)  (1727s)
  pitch_lda  d=11  var= 2.87%gs d12=+0.439 dstr=+0.438 rho5=+0.562 rho5_comp=+0.330 (amb +0.389)  (1836s)
  key_lda    d=1   var= 0.03%gs d12=+0.617 dstr=+0.330 rho5=+0.350 rho5_comp=+0.298 (amb +0.300)  (1945s)
  key_lda    d=2   var= 0.06%gs d12=+0.708 dstr=+0.550 rho5=+0.394 rho5_comp=+0.298 (amb +0.300)  (2057s)
  key_lda    d=3   var= 0.10%gs d12=+0.790 dstr=+0.573 rho5=+0.639 rho5_comp=+0.297 (amb +0.300)  (2149s)
  key_lda    d=4   var= 0.14%gs d12=+0.780 dstr=+0.421 rho5=+0.580 rho5_comp=+0.296 (amb +0.300)  (2223s)
  key_lda    d=6   var= 0.20%gs d12=+0.610 dstr=+0.611 rho5=+0.532 rho5_comp=+0.297 (amb +0.300)  (2308s)
  key_lda    d=8   var= 0.25%gs d12=+0.606 dstr=+0.645 rho5=+0.509 rho5_comp=+0.297 (amb +0.300)  (2386s)
  key_lda    d=11  var= 0.32%gs d12=+0.596 dstr=+0.638 rho5=+0.490 rho5_comp=+0.297 (amb +0.300)  (2427s)
  random     d=1   d12=+0.028 dstr=+0.015 rho5=+0.146  (2432s)
  random     d=2   d12=+0.010 dstr=+0.007 rho5=+0.192  (2438s)
  random     d=3   d12=+0.010 dstr=+0.009 rho5=+0.195  (2444s)
  random     d=4   d12=+0.011 dstr=+0.008 rho5=+0.263  (2449s)
  random     d=6   d12=+0.009 dstr=+0.008 rho5=+0.208  (2453s)
  random     d=8   d12=+0.011 dstr=+0.010 rho5=+0.275  (2457s)
  random     d=11  d12=+0.013 dstr=+0.013 rho5=+0.310  (2462s)
wrote runs/subspace_hcqt_fmak.json in 2462s
