[mert_L24] D=1024 notes=8631 clips=7035 fit-inst=75 eval-inst=75
  ambient done 25s
  pc_lda     d=1   var= 0.09%gs d12=+0.091 dstr=+0.147 rho5=-0.048 rho5_comp=+0.294 (amb +0.294)  (35s)
  pc_lda     d=2   var= 0.19%gs d12=+0.090 dstr=+0.101 rho5=-0.049 rho5_comp=+0.294 (amb +0.294)  (42s)
  pc_lda     d=3   var= 0.26%gs d12=+0.130 dstr=+0.139 rho5=-0.056 rho5_comp=+0.295 (amb +0.294)  (50s)
  pc_lda     d=4   var= 0.32%gs d12=+0.164 dstr=+0.175 rho5=-0.095 rho5_comp=+0.295 (amb +0.294)  (57s)
  pc_lda     d=6   var= 0.45%gs d12=+0.270 dstr=+0.272 rho5=-0.035 rho5_comp=+0.294 (amb +0.294)  (64s)
  pc_lda     d=8   var= 0.60%gs d12=+0.345 dstr=+0.344 rho5=+0.585 rho5_comp=+0.271 (amb +0.294)  (71s)
  pc_lda     d=11  var= 0.72%gs d12=+0.387 dstr=+0.389 rho5=+0.593 rho5_comp=+0.271 (amb +0.294)  (78s)
  pitch_lda  d=1   var= 0.06%gs d12=+0.013 dstr=-0.116 rho5=-0.007 rho5_comp=+0.294 (amb +0.294)  (86s)
  pitch_lda  d=2   var= 0.16%gs d12=+0.017 dstr=-0.172 rho5=-0.004 rho5_comp=+0.295 (amb +0.294)  (94s)
  pitch_lda  d=3   var= 0.21%gs d12=+0.030 dstr=-0.009 rho5=+0.067 rho5_comp=+0.294 (amb +0.294)  (102s)
  pitch_lda  d=4   var= 0.29%gs d12=+0.033 dstr=+0.002 rho5=+0.030 rho5_comp=+0.294 (amb +0.294)  (110s)
  pitch_lda  d=6   var= 0.41%gs d12=+0.067 dstr=+0.052 rho5=+0.137 rho5_comp=+0.293 (amb +0.294)  (118s)
  pitch_lda  d=8   var= 0.58%gs d12=+0.086 dstr=+0.073 rho5=+0.093 rho5_comp=+0.293 (amb +0.294)  (126s)
  pitch_lda  d=11  var= 0.78%gs d12=+0.124 dstr=+0.116 rho5=+0.123 rho5_comp=+0.292 (amb +0.294)  (135s)
  key_lda    d=1   var= 0.08%gs d12=+0.311 dstr=+0.164 rho5=+0.388 rho5_comp=+0.058 (amb +0.063)  (145s)
  key_lda    d=2   var= 0.15%gs d12=+0.300 dstr=+0.140 rho5=+0.621 rho5_comp=+0.055 (amb +0.063)  (152s)
  key_lda    d=3   var= 0.21%gs d12=+0.228 dstr=+0.145 rho5=+0.530 rho5_comp=+0.054 (amb +0.063)  (159s)
  key_lda    d=4   var= 0.26%gs d12=+0.234 dstr=+0.154 rho5=+0.488 rho5_comp=+0.055 (amb +0.063)  (166s)
  key_lda    d=6   var= 0.37%gs d12=+0.207 dstr=+0.152 rho5=+0.511 rho5_comp=+0.055 (amb +0.063)  (173s)
  key_lda    d=8   var= 0.49%gs d12=+0.189 dstr=+0.165 rho5=+0.502 rho5_comp=+0.054 (amb +0.063)  (181s)
  key_lda    d=11  var= 0.61%gs d12=+0.189 dstr=+0.156 rho5=+0.498 rho5_comp=+0.053 (amb +0.063)  (188s)
  random     d=1   d12=+0.013 dstr=-0.006 rho5=+0.054  (192s)
  random     d=2   d12=+0.005 dstr=-0.007 rho5=+0.071  (196s)
  random     d=3   d12=+0.003 dstr=-0.009 rho5=+0.095  (199s)
  random     d=4   d12=+0.002 dstr=-0.003 rho5=+0.118  (203s)
  random     d=6   d12=+0.003 dstr=-0.004 rho5=+0.139  (207s)
  random     d=8   d12=+0.003 dstr=-0.004 rho5=+0.195  (211s)
  random     d=11  d12=+0.003 dstr=-0.003 rho5=+0.196  (215s)
wrote runs/subspace_mert_L24.json in 215s
