[hcqt] D=2160 notes=8631 clips=7035 fit-inst=75 eval-inst=75
  ambient done 39s
  pc_lda     d=1   var= 0.02%gs d12=+0.191 dstr=+0.164 rho5=-0.054 rho5_comp=+0.554 (amb +0.554)  (210s)
  pc_lda     d=2   var= 0.05%gs d12=+0.125 dstr=+0.117 rho5=-0.071 rho5_comp=+0.554 (amb +0.554)  (399s)
  pc_lda     d=3   var= 0.07%gs d12=+0.223 dstr=+0.237 rho5=-0.095 rho5_comp=+0.555 (amb +0.554)  (638s)
  pc_lda     d=4   var= 0.10%gs d12=+0.271 dstr=+0.285 rho5=-0.079 rho5_comp=+0.555 (amb +0.554)  (771s)
  pc_lda     d=6   var= 0.14%gs d12=+0.428 dstr=+0.438 rho5=-0.059 rho5_comp=+0.556 (amb +0.554)  (880s)
  pc_lda     d=8   var= 0.19%gs d12=+0.621 dstr=+0.628 rho5=+0.343 rho5_comp=+0.554 (amb +0.554)  (987s)
  pc_lda     d=11  var= 0.25%gs d12=+0.753 dstr=+0.767 rho5=+0.667 rho5_comp=+0.550 (amb +0.554)  (1088s)
  pitch_lda  d=1   var= 0.16%gs d12=+0.011 dstr=-0.018 rho5=+0.020 rho5_comp=+0.554 (amb +0.554)  (1211s)
  pitch_lda  d=2   var= 0.30%gs d12=+0.051 dstr=+0.043 rho5=+0.013 rho5_comp=+0.556 (amb +0.554)  (1312s)
  pitch_lda  d=3   var= 0.44%gs d12=+0.068 dstr=+0.050 rho5=-0.007 rho5_comp=+0.559 (amb +0.554)  (1398s)
  pitch_lda  d=4   var= 0.57%gs d12=+0.100 dstr=+0.091 rho5=-0.018 rho5_comp=+0.560 (amb +0.554)  (1479s)
  pitch_lda  d=6   var= 0.78%gs d12=+0.194 dstr=+0.172 rho5=-0.028 rho5_comp=+0.564 (amb +0.554)  (1544s)
  pitch_lda  d=8   var= 1.03%gs d12=+0.229 dstr=+0.215 rho5=+0.097 rho5_comp=+0.560 (amb +0.554)  (1659s)
  pitch_lda  d=11  var= 1.42%gs d12=+0.322 dstr=+0.309 rho5=+0.409 rho5_comp=+0.546 (amb +0.554)  (1748s)
  key_lda    d=1   var= 0.04%gs d12=+0.747 dstr=+0.324 rho5=+0.396 rho5_comp=+0.182 (amb +0.183)  (1856s)
  key_lda    d=2   var= 0.08%gs d12=+0.929 dstr=+0.412 rho5=+0.624 rho5_comp=+0.180 (amb +0.183)  (1965s)
  key_lda    d=3   var= 0.11%gs d12=+0.830 dstr=+0.559 rho5=+0.627 rho5_comp=+0.180 (amb +0.183)  (2078s)
  key_lda    d=4   var= 0.14%gs d12=+0.798 dstr=+0.535 rho5=+0.608 rho5_comp=+0.180 (amb +0.183)  (2157s)
  key_lda    d=6   var= 0.20%gs d12=+0.754 dstr=+0.616 rho5=+0.528 rho5_comp=+0.180 (amb +0.183)  (2236s)
  key_lda    d=8   var= 0.25%gs d12=+0.766 dstr=+0.662 rho5=+0.534 rho5_comp=+0.180 (amb +0.183)  (2319s)
  key_lda    d=11  var= 0.30%gs d12=+0.708 dstr=+0.669 rho5=+0.495 rho5_comp=+0.179 (amb +0.183)  (2396s)
  random     d=1   d12=+0.011 dstr=+0.004 rho5=+0.194  (2405s)
  random     d=2   d12=+0.019 dstr=+0.017 rho5=+0.152  (2416s)
  random     d=3   d12=+0.020 dstr=+0.017 rho5=+0.286  (2422s)
  random     d=4   d12=+0.013 dstr=+0.011 rho5=+0.189  (2430s)
  random     d=6   d12=+0.014 dstr=+0.012 rho5=+0.333  (2437s)
  random     d=8   d12=+0.013 dstr=+0.012 rho5=+0.339  (2445s)
  random     d=11  d12=+0.012 dstr=+0.011 rho5=+0.394  (2452s)
wrote runs/subspace_hcqt.json in 2452s
