[matpac_L6] D=3840 notes=8631 clips=5476 fit-inst=75 eval-inst=75
  ambient done 9s
  pc_lda     d=1   var= 0.02%gs d12=+0.102 dstr=+0.049 rho5=-0.062 rho5_comp=+0.597 (amb +0.597)  (38s)
  pc_lda     d=2   var= 0.04%gs d12=+0.061 dstr=+0.059 rho5=-0.061 rho5_comp=+0.597 (amb +0.597)  (60s)
  pc_lda     d=3   var= 0.07%gs d12=+0.171 dstr=+0.174 rho5=-0.032 rho5_comp=+0.597 (amb +0.597)  (82s)
  pc_lda     d=4   var= 0.10%gs d12=+0.189 dstr=+0.192 rho5=-0.065 rho5_comp=+0.597 (amb +0.597)  (104s)
  pc_lda     d=6   var= 0.19%gs d12=+0.199 dstr=+0.196 rho5=+0.133 rho5_comp=+0.596 (amb +0.597)  (126s)
  pc_lda     d=8   var= 0.36%gs d12=+0.289 dstr=+0.287 rho5=+0.639 rho5_comp=+0.591 (amb +0.597)  (149s)
  pc_lda     d=11  var= 0.42%gs d12=+0.364 dstr=+0.364 rho5=+0.635 rho5_comp=+0.592 (amb +0.597)  (171s)
  pitch_lda  d=1   var= 0.09%gs d12=-0.004 dstr=-0.182 rho5=+0.048 rho5_comp=+0.597 (amb +0.597)  (211s)
  pitch_lda  d=2   var= 0.19%gs d12=-0.004 dstr=-0.204 rho5=-0.054 rho5_comp=+0.597 (amb +0.597)  (252s)
  pitch_lda  d=3   var= 0.25%gs d12=+0.002 dstr=-0.138 rho5=-0.061 rho5_comp=+0.598 (amb +0.597)  (293s)
  pitch_lda  d=4   var= 0.30%gs d12=+0.013 dstr=-0.050 rho5=-0.027 rho5_comp=+0.598 (amb +0.597)  (333s)
  pitch_lda  d=6   var= 0.39%gs d12=+0.025 dstr=-0.013 rho5=-0.037 rho5_comp=+0.598 (amb +0.597)  (374s)
  pitch_lda  d=8   var= 0.49%gs d12=+0.032 dstr=+0.023 rho5=-0.055 rho5_comp=+0.598 (amb +0.597)  (414s)
  pitch_lda  d=11  var= 0.64%gs d12=+0.054 dstr=+0.054 rho5=-0.041 rho5_comp=+0.598 (amb +0.597)  (455s)
  key_lda    d=1   var= 0.04%gs d12=+0.142 dstr=+0.111 rho5=+0.312 rho5_comp=+0.543 (amb +0.546)  (482s)
  key_lda    d=2   var= 0.09%gs d12=+0.210 dstr=+0.130 rho5=+0.441 rho5_comp=+0.542 (amb +0.546)  (503s)
  key_lda    d=3   var= 0.13%gs d12=+0.129 dstr=+0.086 rho5=+0.640 rho5_comp=+0.540 (amb +0.546)  (524s)
  key_lda    d=4   var= 0.17%gs d12=+0.130 dstr=+0.069 rho5=+0.613 rho5_comp=+0.540 (amb +0.546)  (545s)
  key_lda    d=6   var= 0.22%gs d12=+0.091 dstr=+0.075 rho5=+0.604 rho5_comp=+0.541 (amb +0.546)  (566s)
  key_lda    d=8   var= 0.28%gs d12=+0.087 dstr=+0.078 rho5=+0.559 rho5_comp=+0.542 (amb +0.546)  (587s)
  key_lda    d=11  var= 0.34%gs d12=+0.083 dstr=+0.077 rho5=+0.535 rho5_comp=+0.542 (amb +0.546)  (608s)
  random     d=1   d12=+0.030 dstr=-0.017 rho5=+0.121  (612s)
  random     d=2   d12=+0.028 dstr=+0.003 rho5=+0.157  (617s)
  random     d=3   d12=+0.029 dstr=+0.006 rho5=+0.261  (621s)
  random     d=4   d12=+0.023 dstr=-0.000 rho5=+0.221  (626s)
  random     d=6   d12=+0.034 dstr=+0.014 rho5=+0.299  (630s)
  random     d=8   d12=+0.021 dstr=+0.003 rho5=+0.324  (635s)
  random     d=11  d12=+0.031 dstr=+0.011 rho5=+0.415  (640s)
wrote runs/subspace_matpac_L6_fmak.json in 640s
