[chroma] D=12 notes=8631 clips=5476 fit-inst=75 eval-inst=75
  ambient done 3s
  pc_lda     d=1   var= 6.49%gs d12=+0.839 dstr=+0.785 rho5=+0.206 rho5_comp=+0.552 (amb +0.632)  (11s)
  pc_lda     d=2   var=12.92%gs d12=+1.101 dstr=+0.664 rho5=+0.311 rho5_comp=+0.514 (amb +0.632)  (16s)
  pc_lda     d=3   var=19.77%gs d12=+1.264 dstr=+0.715 rho5=+0.554 rho5_comp=+0.363 (amb +0.632)  (22s)
  pc_lda     d=4   var=26.00%gs d12=+1.119 dstr=+0.797 rho5=+0.577 rho5_comp=+0.324 (amb +0.632)  (27s)
  pc_lda     d=6   var=37.55%gs d12=+1.195 dstr=+0.769 rho5=+0.640 rho5_comp=+0.057 (amb +0.632)  (33s)
  pc_lda     d=8   var=50.13%gs d12=+0.984 dstr=+0.928 rho5=+0.630 rho5_comp=+0.012 (amb +0.632)  (38s)
  pc_lda     d=11  var=63.89%gs d12=+0.941 dstr=+0.944 rho5=+0.632 rho5_comp=-0.065 (amb +0.632)  (43s)
  pitch_lda  d=1   var= 5.60%gs d12=+0.793 dstr=+0.763 rho5=+0.163 rho5_comp=+0.584 (amb +0.632)  (49s)
  pitch_lda  d=2   var=12.89%gs d12=+1.107 dstr=+0.950 rho5=+0.371 rho5_comp=+0.497 (amb +0.632)  (54s)
  pitch_lda  d=3   var=21.96%gs d12=+1.308 dstr=+0.815 rho5=+0.595 rho5_comp=+0.197 (amb +0.632)  (60s)
  pitch_lda  d=4   var=28.02%gs d12=+1.133 dstr=+0.929 rho5=+0.613 rho5_comp=+0.178 (amb +0.632)  (65s)
  pitch_lda  d=6   var=41.41%gs d12=+1.019 dstr=+0.926 rho5=+0.617 rho5_comp=+0.194 (amb +0.632)  (71s)
  pitch_lda  d=8   var=49.99%gs d12=+0.980 dstr=+0.939 rho5=+0.626 rho5_comp=+0.092 (amb +0.632)  (76s)
  pitch_lda  d=11  var=63.94%gs d12=+0.940 dstr=+0.944 rho5=+0.633 rho5_comp=-0.065 (amb +0.632)  (82s)
  key_lda    d=1   var= 9.61%gs d12=+1.437 dstr=+0.504 rho5=+0.400 rho5_comp=+0.375 (amb +0.592)  (90s)
  key_lda    d=2   var=17.21%gs d12=+1.229 dstr=+0.832 rho5=+0.460 rho5_comp=+0.263 (amb +0.592)  (95s)
  key_lda    d=3   var=25.71%gs d12=+1.392 dstr=+0.870 rho5=+0.632 rho5_comp=+0.062 (amb +0.592)  (101s)
  key_lda    d=4   var=31.70%gs d12=+1.262 dstr=+0.689 rho5=+0.612 rho5_comp=+0.060 (amb +0.592)  (106s)
  key_lda    d=6   var=41.88%gs d12=+1.008 dstr=+0.938 rho5=+0.595 rho5_comp=+0.066 (amb +0.592)  (111s)
  key_lda    d=8   var=50.63%gs d12=+0.975 dstr=+0.979 rho5=+0.597 rho5_comp=-0.000 (amb +0.592)  (117s)
  key_lda    d=11  var=96.60%gs d12=+0.680 dstr=+0.682 rho5=+0.591 rho5_comp=+0.110 (amb +0.592)  (122s)
  random     d=1   d12=+0.728 dstr=+0.525 rho5=+0.198  (125s)
  random     d=2   d12=+0.614 dstr=+0.488 rho5=+0.242  (129s)
  random     d=3   d12=+0.648 dstr=+0.605 rho5=+0.361  (132s)
  random     d=4   d12=+0.756 dstr=+0.670 rho5=+0.373  (136s)
  random     d=6   d12=+0.713 dstr=+0.670 rho5=+0.468  (139s)
  random     d=8   d12=+0.690 dstr=+0.669 rho5=+0.569  (143s)
  random     d=11  d12=+0.712 dstr=+0.714 rho5=+0.621  (146s)
wrote runs/subspace_chroma_fmak.json in 146s
