[pupujepa] D=768 notes=8631 clips=5476 fit-inst=75 eval-inst=75
  ambient done 4s
  pc_lda     d=1   var= 0.07%gs d12=+0.096 dstr=+0.036 rho5=-0.004 rho5_comp=+0.031 (amb +0.031)  (15s)
  pc_lda     d=2   var= 0.13%gs d12=+0.121 dstr=+0.050 rho5=-0.011 rho5_comp=+0.030 (amb +0.031)  (22s)
  pc_lda     d=3   var= 0.18%gs d12=+0.208 dstr=+0.138 rho5=+0.086 rho5_comp=+0.029 (amb +0.031)  (28s)
  pc_lda     d=4   var= 0.24%gs d12=+0.230 dstr=+0.164 rho5=+0.157 rho5_comp=+0.028 (amb +0.031)  (35s)
  pc_lda     d=6   var= 0.39%gs d12=+0.175 dstr=+0.121 rho5=+0.279 rho5_comp=+0.026 (amb +0.031)  (42s)
  pc_lda     d=8   var= 0.50%gs d12=+0.171 dstr=+0.126 rho5=+0.330 rho5_comp=+0.025 (amb +0.031)  (49s)
  pc_lda     d=11  var= 0.91%gs d12=+0.038 dstr=+0.023 rho5=+0.374 rho5_comp=+0.024 (amb +0.031)  (56s)
  pitch_lda  d=1   var= 0.10%gs d12=+0.022 dstr=-0.142 rho5=+0.013 rho5_comp=+0.030 (amb +0.031)  (64s)
  pitch_lda  d=2   var= 0.20%gs d12=+0.004 dstr=-0.176 rho5=-0.006 rho5_comp=+0.030 (amb +0.031)  (72s)
  pitch_lda  d=3   var= 0.28%gs d12=+0.054 dstr=-0.102 rho5=-0.009 rho5_comp=+0.030 (amb +0.031)  (79s)
  pitch_lda  d=4   var= 0.36%gs d12=+0.100 dstr=-0.074 rho5=-0.023 rho5_comp=+0.031 (amb +0.031)  (87s)
  pitch_lda  d=6   var= 0.55%gs d12=+0.104 dstr=-0.079 rho5=-0.009 rho5_comp=+0.031 (amb +0.031)  (95s)
  pitch_lda  d=8   var= 0.71%gs d12=+0.101 dstr=-0.054 rho5=+0.098 rho5_comp=+0.029 (amb +0.031)  (102s)
  pitch_lda  d=11  var= 1.08%gs d12=+0.075 dstr=-0.009 rho5=+0.208 rho5_comp=+0.027 (amb +0.031)  (110s)
  key_lda    d=1   var= 0.09%gs d12=+0.180 dstr=-0.044 rho5=-0.015 rho5_comp=+0.056 (amb +0.056)  (120s)
  key_lda    d=2   var= 0.23%gs d12=+0.022 dstr=-0.003 rho5=+0.282 rho5_comp=+0.051 (amb +0.056)  (127s)
  key_lda    d=3   var= 0.34%gs d12=+0.034 dstr=-0.002 rho5=+0.297 rho5_comp=+0.051 (amb +0.056)  (134s)
  key_lda    d=4   var= 0.47%gs d12=+0.042 dstr=-0.002 rho5=+0.428 rho5_comp=+0.046 (amb +0.056)  (141s)
  key_lda    d=6   var= 0.98%gs d12=+0.020 dstr=-0.002 rho5=+0.339 rho5_comp=+0.044 (amb +0.056)  (147s)
  key_lda    d=8   var= 1.80%gs d12=+0.007 dstr=-0.002 rho5=+0.300 rho5_comp=+0.044 (amb +0.056)  (155s)
  key_lda    d=11  var= 3.42%gs d12=+0.005 dstr=-0.001 rho5=+0.192 rho5_comp=+0.045 (amb +0.056)  (163s)
  random     d=1   d12=+0.016 dstr=-0.011 rho5=-0.019  (167s)
  random     d=2   d12=+0.007 dstr=-0.019 rho5=+0.045  (171s)
  random     d=3   d12=+0.004 dstr=-0.008 rho5=+0.020  (175s)
  random     d=4   d12=+0.008 dstr=-0.010 rho5=+0.016  (179s)
  random     d=6   d12=+0.006 dstr=-0.004 rho5=+0.030  (183s)
  random     d=8   d12=+0.005 dstr=-0.006 rho5=+0.036  (188s)
  random     d=11  d12=+0.005 dstr=-0.005 rho5=+0.038  (192s)
wrote runs/subspace_pupujepa_fmak.json in 192s
