[encodec_32k] D=128 notes=8631 clips=5476 fit-inst=75 eval-inst=75
  ambient done 3s
  pc_lda     d=1   var= 0.17%gs d12=+0.311 dstr=+0.262 rho5=+0.273 rho5_comp=+0.187 (amb +0.207)  (12s)
  pc_lda     d=2   var= 0.31%gs d12=+0.296 dstr=+0.272 rho5=+0.348 rho5_comp=+0.164 (amb +0.207)  (17s)
  pc_lda     d=3   var= 0.47%gs d12=+0.257 dstr=+0.242 rho5=+0.386 rho5_comp=+0.158 (amb +0.207)  (23s)
  pc_lda     d=4   var= 0.56%gs d12=+0.270 dstr=+0.245 rho5=+0.415 rho5_comp=+0.156 (amb +0.207)  (29s)
  pc_lda     d=6   var= 0.83%gs d12=+0.281 dstr=+0.251 rho5=+0.451 rho5_comp=+0.146 (amb +0.207)  (34s)
  pc_lda     d=8   var=22.02%gs d12=+0.109 dstr=+0.093 rho5=+0.301 rho5_comp=+0.168 (amb +0.207)  (40s)
  pc_lda     d=11  var=41.00%gs d12=+0.051 dstr=+0.010 rho5=+0.307 rho5_comp=+0.141 (amb +0.207)  (46s)
  pitch_lda  d=1   var= 0.91%gs d12=+0.022 dstr=-0.102 rho5=+0.013 rho5_comp=+0.208 (amb +0.207)  (51s)
  pitch_lda  d=2   var= 3.93%gs d12=+0.023 dstr=-0.042 rho5=+0.043 rho5_comp=+0.211 (amb +0.207)  (57s)
  pitch_lda  d=3   var= 5.39%gs d12=+0.018 dstr=-0.026 rho5=+0.024 rho5_comp=+0.214 (amb +0.207)  (63s)
  pitch_lda  d=4   var= 5.66%gs d12=+0.026 dstr=-0.003 rho5=+0.054 rho5_comp=+0.213 (amb +0.207)  (69s)
  pitch_lda  d=6   var= 7.68%gs d12=+0.035 dstr=-0.007 rho5=+0.025 rho5_comp=+0.218 (amb +0.207)  (75s)
  pitch_lda  d=8   var= 8.81%gs d12=+0.038 dstr=-0.008 rho5=+0.040 rho5_comp=+0.221 (amb +0.207)  (80s)
  pitch_lda  d=11  var=13.77%gs d12=+0.048 dstr=-0.004 rho5=+0.204 rho5_comp=+0.195 (amb +0.207)  (86s)
  key_lda    d=1   var= 3.66%gs d12=+0.136 dstr=+0.036 rho5=+0.038 rho5_comp=+0.177 (amb +0.176)  (94s)
  key_lda    d=2   var= 8.75%gs d12=+0.078 dstr=+0.015 rho5=+0.151 rho5_comp=+0.168 (amb +0.176)  (100s)
  key_lda    d=3   var=11.84%gs d12=+0.064 dstr=+0.017 rho5=+0.218 rho5_comp=+0.157 (amb +0.176)  (106s)
  key_lda    d=4   var=14.22%gs d12=+0.039 dstr=-0.001 rho5=+0.223 rho5_comp=+0.140 (amb +0.176)  (111s)
  key_lda    d=6   var=17.50%gs d12=+0.042 dstr=-0.002 rho5=+0.240 rho5_comp=+0.138 (amb +0.176)  (117s)
  key_lda    d=8   var=21.30%gs d12=+0.035 dstr=-0.017 rho5=+0.240 rho5_comp=+0.136 (amb +0.176)  (123s)
  key_lda    d=11  var=30.10%gs d12=+0.029 dstr=-0.023 rho5=+0.244 rho5_comp=+0.133 (amb +0.176)  (128s)
  random     d=1   d12=+0.032 dstr=-0.022 rho5=+0.060  (132s)
  random     d=2   d12=+0.045 dstr=-0.003 rho5=+0.098  (135s)
  random     d=3   d12=+0.040 dstr=-0.007 rho5=+0.205  (139s)
  random     d=4   d12=+0.042 dstr=-0.001 rho5=+0.129  (142s)
  random     d=6   d12=+0.041 dstr=+0.001 rho5=+0.161  (146s)
  random     d=8   d12=+0.037 dstr=-0.001 rho5=+0.153  (149s)
  random     d=11  d12=+0.038 dstr=-0.008 rho5=+0.203  (153s)
wrote runs/subspace_encodec_32k_fmak.json in 153s
