[mert_L12] D=1024 notes=8631 clips=5476 fit-inst=75 eval-inst=75
  ambient done 5s
  pc_lda     d=1   var= 0.04%gs d12=-0.000 dstr=-0.004 rho5=+0.032 rho5_comp=+0.437 (amb +0.437)  (16s)
  pc_lda     d=2   var= 0.09%gs d12=+0.026 dstr=+0.025 rho5=-0.018 rho5_comp=+0.436 (amb +0.437)  (24s)
  pc_lda     d=3   var= 0.14%gs d12=+0.073 dstr=+0.075 rho5=+0.007 rho5_comp=+0.436 (amb +0.437)  (32s)
  pc_lda     d=4   var= 0.18%gs d12=+0.104 dstr=+0.105 rho5=-0.045 rho5_comp=+0.437 (amb +0.437)  (40s)
  pc_lda     d=6   var= 0.32%gs d12=+0.219 dstr=+0.214 rho5=+0.142 rho5_comp=+0.435 (amb +0.437)  (48s)
  pc_lda     d=8   var= 0.54%gs d12=+0.333 dstr=+0.326 rho5=+0.603 rho5_comp=+0.413 (amb +0.437)  (56s)
  pc_lda     d=11  var= 0.61%gs d12=+0.387 dstr=+0.384 rho5=+0.606 rho5_comp=+0.413 (amb +0.437)  (64s)
  pitch_lda  d=1   var= 0.10%gs d12=+0.020 dstr=-0.138 rho5=+0.135 rho5_comp=+0.437 (amb +0.437)  (74s)
  pitch_lda  d=2   var= 0.19%gs d12=+0.007 dstr=-0.178 rho5=+0.029 rho5_comp=+0.438 (amb +0.437)  (83s)
  pitch_lda  d=3   var= 0.32%gs d12=+0.027 dstr=-0.005 rho5=+0.047 rho5_comp=+0.437 (amb +0.437)  (92s)
  pitch_lda  d=4   var= 0.45%gs d12=+0.050 dstr=+0.017 rho5=+0.029 rho5_comp=+0.439 (amb +0.437)  (102s)
  pitch_lda  d=6   var= 0.71%gs d12=+0.127 dstr=+0.087 rho5=+0.002 rho5_comp=+0.442 (amb +0.437)  (111s)
  pitch_lda  d=8   var= 1.00%gs d12=+0.170 dstr=+0.138 rho5=+0.068 rho5_comp=+0.441 (amb +0.437)  (120s)
  pitch_lda  d=11  var= 1.36%gs d12=+0.181 dstr=+0.164 rho5=+0.119 rho5_comp=+0.435 (amb +0.437)  (129s)
  key_lda    d=1   var= 0.13%gs d12=+0.364 dstr=+0.044 rho5=+0.165 rho5_comp=+0.362 (amb +0.369)  (141s)
  key_lda    d=2   var= 0.25%gs d12=+0.497 dstr=+0.215 rho5=+0.307 rho5_comp=+0.357 (amb +0.369)  (149s)
  key_lda    d=3   var= 0.38%gs d12=+0.554 dstr=+0.307 rho5=+0.554 rho5_comp=+0.348 (amb +0.369)  (156s)
  key_lda    d=4   var= 0.48%gs d12=+0.531 dstr=+0.197 rho5=+0.532 rho5_comp=+0.346 (amb +0.369)  (164s)
  key_lda    d=6   var= 0.67%gs d12=+0.445 dstr=+0.358 rho5=+0.536 rho5_comp=+0.348 (amb +0.369)  (172s)
  key_lda    d=8   var= 0.84%gs d12=+0.392 dstr=+0.395 rho5=+0.537 rho5_comp=+0.347 (amb +0.369)  (180s)
  key_lda    d=11  var= 1.14%gs d12=+0.276 dstr=+0.286 rho5=+0.527 rho5_comp=+0.348 (amb +0.369)  (188s)
  random     d=1   d12=+0.025 dstr=-0.008 rho5=+0.090  (192s)
  random     d=2   d12=+0.012 dstr=-0.013 rho5=+0.079  (195s)
  random     d=3   d12=+0.026 dstr=-0.002 rho5=+0.260  (199s)
  random     d=4   d12=+0.016 dstr=-0.007 rho5=+0.212  (203s)
  random     d=6   d12=+0.026 dstr=-0.004 rho5=+0.302  (207s)
  random     d=8   d12=+0.015 dstr=-0.002 rho5=+0.220  (211s)
  random     d=11  d12=+0.016 dstr=-0.011 rho5=+0.263  (215s)
wrote runs/subspace_mert_L12_fmak.json in 215s
