[cqt] D=84 notes=8631 clips=5476 fit-inst=75 eval-inst=75
  ambient done 3s
  pc_lda     d=1   var= 0.54%gs d12=+0.221 dstr=+0.179 rho5=-0.058 rho5_comp=+0.058 (amb +0.057)  (11s)
  pc_lda     d=2   var= 1.04%gs d12=+0.134 dstr=+0.105 rho5=-0.079 rho5_comp=+0.057 (amb +0.057)  (17s)
  pc_lda     d=3   var= 1.63%gs d12=+0.222 dstr=+0.215 rho5=-0.090 rho5_comp=+0.067 (amb +0.057)  (23s)
  pc_lda     d=4   var= 2.24%gs d12=+0.259 dstr=+0.261 rho5=-0.123 rho5_comp=+0.073 (amb +0.057)  (28s)
  pc_lda     d=6   var= 3.07%gs d12=+0.322 dstr=+0.323 rho5=-0.085 rho5_comp=+0.079 (amb +0.057)  (34s)
  pc_lda     d=8   var= 3.13%gs d12=+0.343 dstr=+0.342 rho5=-0.085 rho5_comp=+0.079 (amb +0.057)  (40s)
  pc_lda     d=11  var=41.56%gs d12=+0.012 dstr=+0.008 rho5=-0.031 rho5_comp=+0.154 (amb +0.057)  (45s)
  pitch_lda  d=1   var= 0.72%gs d12=+0.116 dstr=-0.054 rho5=-0.067 rho5_comp=+0.058 (amb +0.057)  (51s)
  pitch_lda  d=2   var= 1.39%gs d12=+0.110 dstr=-0.034 rho5=-0.078 rho5_comp=+0.059 (amb +0.057)  (57s)
  pitch_lda  d=3   var= 2.10%gs d12=+0.116 dstr=+0.050 rho5=-0.086 rho5_comp=+0.058 (amb +0.057)  (62s)
  pitch_lda  d=4   var= 2.73%gs d12=+0.097 dstr=+0.061 rho5=-0.086 rho5_comp=+0.058 (amb +0.057)  (68s)
  pitch_lda  d=6   var= 4.36%gs d12=+0.148 dstr=+0.187 rho5=-0.131 rho5_comp=+0.083 (amb +0.057)  (74s)
  pitch_lda  d=8   var= 5.49%gs d12=+0.142 dstr=+0.179 rho5=-0.124 rho5_comp=+0.086 (amb +0.057)  (79s)
  pitch_lda  d=11  var=10.24%gs d12=+0.090 dstr=+0.113 rho5=-0.121 rho5_comp=+0.097 (amb +0.057)  (85s)
  key_lda    d=1   var= 0.56%gs d12=+0.460 dstr=-0.084 rho5=-0.023 rho5_comp=-0.018 (amb -0.025)  (93s)
  key_lda    d=2   var= 1.23%gs d12=+0.598 dstr=+0.393 rho5=+0.031 rho5_comp=-0.016 (amb -0.025)  (99s)
  key_lda    d=3   var= 1.78%gs d12=+0.506 dstr=+0.538 rho5=+0.041 rho5_comp=-0.013 (amb -0.025)  (104s)
  key_lda    d=4   var= 2.51%gs d12=+0.442 dstr=+0.507 rho5=+0.009 rho5_comp=-0.006 (amb -0.025)  (110s)
  key_lda    d=6   var= 3.76%gs d12=+0.263 dstr=+0.351 rho5=-0.017 rho5_comp=+0.002 (amb -0.025)  (115s)
  key_lda    d=8   var= 8.93%gs d12=+0.048 dstr=+0.067 rho5=-0.029 rho5_comp=+0.001 (amb -0.025)  (121s)
  key_lda    d=11  var=24.79%gs d12=+0.022 dstr=+0.026 rho5=-0.046 rho5_comp=-0.004 (amb -0.025)  (127s)
  random     d=1   d12=+0.028 dstr=-0.003 rho5=-0.011  (130s)
  random     d=2   d12=+0.007 dstr=+0.007 rho5=+0.007  (133s)
  random     d=3   d12=+0.006 dstr=+0.005 rho5=+0.018  (137s)
  random     d=4   d12=+0.005 dstr=+0.004 rho5=+0.002  (141s)
  random     d=6   d12=+0.005 dstr=+0.005 rho5=+0.032  (144s)
  random     d=8   d12=+0.006 dstr=+0.006 rho5=+0.034  (147s)
  random     d=11  d12=+0.005 dstr=+0.004 rho5=+0.036  (151s)
wrote runs/subspace_cqt_fmak.json in 151s
