[muq_L6] D=1024 notes=8631 clips=7035 fit-inst=75 eval-inst=75
  ambient done 4s
  pc_lda     d=1   var= 0.03%gs d12=+0.167 dstr=+0.164 rho5=-0.033 rho5_comp=+0.530 (amb +0.530)  (14s)
  pc_lda     d=2   var= 0.07%gs d12=+0.131 dstr=+0.154 rho5=-0.072 rho5_comp=+0.530 (amb +0.530)  (20s)
  pc_lda     d=3   var= 0.09%gs d12=+0.232 dstr=+0.246 rho5=-0.055 rho5_comp=+0.531 (amb +0.530)  (27s)
  pc_lda     d=4   var= 0.13%gs d12=+0.297 dstr=+0.317 rho5=-0.048 rho5_comp=+0.533 (amb +0.530)  (33s)
  pc_lda     d=6   var= 0.21%gs d12=+0.391 dstr=+0.410 rho5=-0.085 rho5_comp=+0.535 (amb +0.530)  (39s)
  pc_lda     d=8   var= 0.33%gs d12=+0.467 dstr=+0.480 rho5=+0.642 rho5_comp=+0.525 (amb +0.530)  (46s)
  pc_lda     d=11  var= 0.42%gs d12=+0.508 dstr=+0.525 rho5=+0.644 rho5_comp=+0.525 (amb +0.530)  (52s)
  pitch_lda  d=1   var= 0.06%gs d12=-0.011 dstr=-0.196 rho5=+0.036 rho5_comp=+0.530 (amb +0.530)  (59s)
  pitch_lda  d=2   var= 0.12%gs d12=-0.005 dstr=-0.249 rho5=+0.112 rho5_comp=+0.530 (amb +0.530)  (67s)
  pitch_lda  d=3   var= 0.20%gs d12=+0.032 dstr=-0.009 rho5=-0.003 rho5_comp=+0.531 (amb +0.530)  (74s)
  pitch_lda  d=4   var= 0.27%gs d12=+0.060 dstr=+0.045 rho5=-0.054 rho5_comp=+0.531 (amb +0.530)  (81s)
  pitch_lda  d=6   var= 0.44%gs d12=+0.146 dstr=+0.131 rho5=-0.040 rho5_comp=+0.536 (amb +0.530)  (90s)
  pitch_lda  d=8   var= 0.62%gs d12=+0.189 dstr=+0.188 rho5=-0.062 rho5_comp=+0.539 (amb +0.530)  (97s)
  pitch_lda  d=11  var= 0.82%gs d12=+0.214 dstr=+0.209 rho5=-0.079 rho5_comp=+0.542 (amb +0.530)  (104s)
  key_lda    d=1   var= 0.05%gs d12=+0.320 dstr=+0.244 rho5=+0.344 rho5_comp=+0.261 (amb +0.263)  (114s)
  key_lda    d=2   var= 0.10%gs d12=+0.402 dstr=+0.286 rho5=+0.561 rho5_comp=+0.259 (amb +0.263)  (120s)
  key_lda    d=3   var= 0.13%gs d12=+0.309 dstr=+0.322 rho5=+0.549 rho5_comp=+0.259 (amb +0.263)  (126s)
  key_lda    d=4   var= 0.17%gs d12=+0.309 dstr=+0.307 rho5=+0.514 rho5_comp=+0.259 (amb +0.263)  (133s)
  key_lda    d=6   var= 0.24%gs d12=+0.284 dstr=+0.299 rho5=+0.514 rho5_comp=+0.259 (amb +0.263)  (139s)
  key_lda    d=8   var= 0.30%gs d12=+0.233 dstr=+0.232 rho5=+0.510 rho5_comp=+0.259 (amb +0.263)  (146s)
  key_lda    d=11  var= 0.38%gs d12=+0.240 dstr=+0.246 rho5=+0.481 rho5_comp=+0.259 (amb +0.263)  (152s)
  random     d=1   d12=+0.031 dstr=+0.008 rho5=+0.052  (156s)
  random     d=2   d12=+0.052 dstr=+0.034 rho5=+0.189  (159s)
  random     d=3   d12=+0.039 dstr=+0.021 rho5=+0.146  (162s)
  random     d=4   d12=+0.037 dstr=+0.028 rho5=+0.207  (165s)
  random     d=6   d12=+0.047 dstr=+0.039 rho5=+0.231  (168s)
  random     d=8   d12=+0.035 dstr=+0.031 rho5=+0.306  (171s)
  random     d=11  d12=+0.037 dstr=+0.030 rho5=+0.314  (174s)
wrote runs/subspace_muq_L6.json in 174s
