[muq_L12] D=1024 notes=8631 clips=7035 fit-inst=75 eval-inst=75
  ambient done 4s
  pc_lda     d=1   var= 0.06%gs d12=+0.158 dstr=+0.173 rho5=-0.022 rho5_comp=+0.372 (amb +0.372)  (13s)
  pc_lda     d=2   var= 0.12%gs d12=+0.156 dstr=+0.156 rho5=-0.046 rho5_comp=+0.373 (amb +0.372)  (20s)
  pc_lda     d=3   var= 0.17%gs d12=+0.262 dstr=+0.262 rho5=-0.029 rho5_comp=+0.375 (amb +0.372)  (26s)
  pc_lda     d=4   var= 0.23%gs d12=+0.270 dstr=+0.275 rho5=-0.042 rho5_comp=+0.375 (amb +0.372)  (33s)
  pc_lda     d=6   var= 0.37%gs d12=+0.334 dstr=+0.341 rho5=-0.023 rho5_comp=+0.378 (amb +0.372)  (39s)
  pc_lda     d=8   var= 0.53%gs d12=+0.406 dstr=+0.414 rho5=+0.536 rho5_comp=+0.353 (amb +0.372)  (46s)
  pc_lda     d=11  var= 0.70%gs d12=+0.426 dstr=+0.437 rho5=+0.525 rho5_comp=+0.352 (amb +0.372)  (52s)
  pitch_lda  d=1   var= 0.13%gs d12=+0.011 dstr=-0.156 rho5=+0.097 rho5_comp=+0.371 (amb +0.372)  (59s)
  pitch_lda  d=2   var= 0.23%gs d12=+0.015 dstr=-0.118 rho5=+0.121 rho5_comp=+0.370 (amb +0.372)  (67s)
  pitch_lda  d=3   var= 0.35%gs d12=+0.062 dstr=+0.052 rho5=+0.062 rho5_comp=+0.372 (amb +0.372)  (74s)
  pitch_lda  d=4   var= 0.46%gs d12=+0.099 dstr=+0.100 rho5=+0.044 rho5_comp=+0.374 (amb +0.372)  (81s)
  pitch_lda  d=6   var= 0.72%gs d12=+0.147 dstr=+0.147 rho5=+0.034 rho5_comp=+0.375 (amb +0.372)  (89s)
  pitch_lda  d=8   var= 1.03%gs d12=+0.208 dstr=+0.204 rho5=-0.005 rho5_comp=+0.387 (amb +0.372)  (96s)
  pitch_lda  d=11  var= 1.36%gs d12=+0.209 dstr=+0.206 rho5=+0.194 rho5_comp=+0.374 (amb +0.372)  (104s)
  key_lda    d=1   var= 0.09%gs d12=+0.236 dstr=+0.111 rho5=+0.358 rho5_comp=+0.100 (amb +0.104)  (113s)
  key_lda    d=2   var= 0.18%gs d12=+0.319 dstr=+0.197 rho5=+0.554 rho5_comp=+0.093 (amb +0.104)  (120s)
  key_lda    d=3   var= 0.26%gs d12=+0.225 dstr=+0.165 rho5=+0.548 rho5_comp=+0.093 (amb +0.104)  (126s)
  key_lda    d=4   var= 0.33%gs d12=+0.236 dstr=+0.176 rho5=+0.528 rho5_comp=+0.093 (amb +0.104)  (133s)
  key_lda    d=6   var= 0.47%gs d12=+0.155 dstr=+0.160 rho5=+0.504 rho5_comp=+0.093 (amb +0.104)  (139s)
  key_lda    d=8   var= 0.60%gs d12=+0.151 dstr=+0.152 rho5=+0.501 rho5_comp=+0.093 (amb +0.104)  (146s)
  key_lda    d=11  var= 0.76%gs d12=+0.161 dstr=+0.162 rho5=+0.482 rho5_comp=+0.092 (amb +0.104)  (152s)
  random     d=1   d12=+0.015 dstr=-0.001 rho5=+0.064  (155s)
  random     d=2   d12=+0.027 dstr=+0.016 rho5=+0.096  (158s)
  random     d=3   d12=+0.027 dstr=+0.011 rho5=+0.086  (161s)
  random     d=4   d12=+0.030 dstr=+0.021 rho5=+0.153  (165s)
  random     d=6   d12=+0.036 dstr=+0.029 rho5=+0.181  (168s)
  random     d=8   d12=+0.029 dstr=+0.021 rho5=+0.188  (171s)
  random     d=11  d12=+0.030 dstr=+0.024 rho5=+0.195  (174s)
wrote runs/subspace_muq_L12.json in 174s
