[muq_L2] D=1024 notes=8631 clips=7035 fit-inst=75 eval-inst=75
  ambient done 4s
  pc_lda     d=1   var= 0.11%gs d12=+0.182 dstr=+0.156 rho5=-0.030 rho5_comp=+0.533 (amb +0.533)  (13s)
  pc_lda     d=2   var= 0.21%gs d12=+0.140 dstr=+0.153 rho5=-0.069 rho5_comp=+0.535 (amb +0.533)  (25s)
  pc_lda     d=3   var= 0.32%gs d12=+0.281 dstr=+0.291 rho5=-0.027 rho5_comp=+0.538 (amb +0.533)  (32s)
  pc_lda     d=4   var= 0.43%gs d12=+0.322 dstr=+0.333 rho5=-0.041 rho5_comp=+0.542 (amb +0.533)  (39s)
  pc_lda     d=6   var= 0.71%gs d12=+0.389 dstr=+0.406 rho5=-0.009 rho5_comp=+0.545 (amb +0.533)  (63s)
  pc_lda     d=8   var= 1.10%gs d12=+0.457 dstr=+0.467 rho5=+0.660 rho5_comp=+0.512 (amb +0.533)  (80s)
  pc_lda     d=11  var= 1.29%gs d12=+0.533 dstr=+0.547 rho5=+0.657 rho5_comp=+0.513 (amb +0.533)  (88s)
  pitch_lda  d=1   var= 0.13%gs d12=-0.011 dstr=-0.200 rho5=+0.060 rho5_comp=+0.533 (amb +0.533)  (96s)
  pitch_lda  d=2   var= 0.30%gs d12=+0.003 dstr=-0.242 rho5=+0.059 rho5_comp=+0.534 (amb +0.533)  (107s)
  pitch_lda  d=3   var= 0.54%gs d12=+0.033 dstr=+0.002 rho5=-0.023 rho5_comp=+0.533 (amb +0.533)  (116s)
  pitch_lda  d=4   var= 0.79%gs d12=+0.057 dstr=+0.054 rho5=-0.063 rho5_comp=+0.537 (amb +0.533)  (124s)
  pitch_lda  d=6   var= 1.35%gs d12=+0.187 dstr=+0.166 rho5=-0.066 rho5_comp=+0.554 (amb +0.533)  (132s)
  pitch_lda  d=8   var= 1.83%gs d12=+0.232 dstr=+0.219 rho5=-0.051 rho5_comp=+0.566 (amb +0.533)  (147s)
  pitch_lda  d=11  var= 2.53%gs d12=+0.248 dstr=+0.248 rho5=-0.033 rho5_comp=+0.571 (amb +0.533)  (159s)
  key_lda    d=1   var= 0.14%gs d12=+0.331 dstr=+0.302 rho5=+0.384 rho5_comp=+0.284 (amb +0.289)  (169s)
  key_lda    d=2   var= 0.26%gs d12=+0.397 dstr=+0.259 rho5=+0.628 rho5_comp=+0.280 (amb +0.289)  (175s)
  key_lda    d=3   var= 0.37%gs d12=+0.436 dstr=+0.343 rho5=+0.594 rho5_comp=+0.280 (amb +0.289)  (191s)
  key_lda    d=4   var= 0.49%gs d12=+0.400 dstr=+0.346 rho5=+0.543 rho5_comp=+0.281 (amb +0.289)  (198s)
  key_lda    d=6   var= 0.72%gs d12=+0.394 dstr=+0.380 rho5=+0.441 rho5_comp=+0.280 (amb +0.289)  (204s)
  key_lda    d=8   var= 0.91%gs d12=+0.323 dstr=+0.310 rho5=+0.406 rho5_comp=+0.280 (amb +0.289)  (210s)
  key_lda    d=11  var= 1.11%gs d12=+0.302 dstr=+0.292 rho5=+0.368 rho5_comp=+0.280 (amb +0.289)  (216s)
  random     d=1   d12=+0.043 dstr=+0.003 rho5=+0.096  (219s)
  random     d=2   d12=+0.044 dstr=+0.021 rho5=+0.144  (222s)
  random     d=3   d12=+0.053 dstr=+0.033 rho5=+0.159  (226s)
  random     d=4   d12=+0.040 dstr=+0.039 rho5=+0.175  (229s)
  random     d=6   d12=+0.038 dstr=+0.031 rho5=+0.215  (232s)
  random     d=8   d12=+0.038 dstr=+0.034 rho5=+0.328  (235s)
  random     d=11  d12=+0.042 dstr=+0.037 rho5=+0.319  (238s)
wrote runs/subspace_muq_L2.json in 238s
