[muq_L8] D=1024 notes=8631 clips=7035 fit-inst=75 eval-inst=75
  ambient done 4s
  pc_lda     d=1   var= 0.06%gs d12=+0.144 dstr=+0.191 rho5=-0.031 rho5_comp=+0.546 (amb +0.545)  (13s)
  pc_lda     d=2   var= 0.12%gs d12=+0.085 dstr=+0.105 rho5=-0.053 rho5_comp=+0.546 (amb +0.545)  (20s)
  pc_lda     d=3   var= 0.17%gs d12=+0.195 dstr=+0.206 rho5=-0.056 rho5_comp=+0.546 (amb +0.545)  (26s)
  pc_lda     d=4   var= 0.24%gs d12=+0.249 dstr=+0.270 rho5=-0.029 rho5_comp=+0.550 (amb +0.545)  (33s)
  pc_lda     d=6   var= 0.37%gs d12=+0.299 dstr=+0.318 rho5=-0.021 rho5_comp=+0.553 (amb +0.545)  (39s)
  pc_lda     d=8   var= 0.55%gs d12=+0.388 dstr=+0.404 rho5=+0.617 rho5_comp=+0.539 (amb +0.545)  (45s)
  pc_lda     d=11  var= 0.69%gs d12=+0.435 dstr=+0.454 rho5=+0.627 rho5_comp=+0.538 (amb +0.545)  (52s)
  pitch_lda  d=1   var= 0.09%gs d12=-0.000 dstr=-0.178 rho5=-0.028 rho5_comp=+0.545 (amb +0.545)  (59s)
  pitch_lda  d=2   var= 0.17%gs d12=+0.006 dstr=-0.216 rho5=+0.045 rho5_comp=+0.545 (amb +0.545)  (66s)
  pitch_lda  d=3   var= 0.29%gs d12=+0.034 dstr=-0.006 rho5=+0.015 rho5_comp=+0.546 (amb +0.545)  (74s)
  pitch_lda  d=4   var= 0.42%gs d12=+0.053 dstr=+0.042 rho5=-0.025 rho5_comp=+0.547 (amb +0.545)  (81s)
  pitch_lda  d=6   var= 0.72%gs d12=+0.176 dstr=+0.181 rho5=-0.042 rho5_comp=+0.556 (amb +0.545)  (88s)
  pitch_lda  d=8   var= 1.01%gs d12=+0.205 dstr=+0.213 rho5=-0.071 rho5_comp=+0.564 (amb +0.545)  (96s)
  pitch_lda  d=11  var= 1.35%gs d12=+0.213 dstr=+0.212 rho5=-0.021 rho5_comp=+0.566 (amb +0.545)  (103s)
  key_lda    d=1   var= 0.07%gs d12=+0.282 dstr=+0.173 rho5=+0.353 rho5_comp=+0.250 (amb +0.253)  (112s)
  key_lda    d=2   var= 0.15%gs d12=+0.345 dstr=+0.255 rho5=+0.545 rho5_comp=+0.246 (amb +0.253)  (118s)
  key_lda    d=3   var= 0.23%gs d12=+0.269 dstr=+0.273 rho5=+0.545 rho5_comp=+0.246 (amb +0.253)  (125s)
  key_lda    d=4   var= 0.30%gs d12=+0.252 dstr=+0.225 rho5=+0.489 rho5_comp=+0.246 (amb +0.253)  (131s)
  key_lda    d=6   var= 0.42%gs d12=+0.260 dstr=+0.261 rho5=+0.464 rho5_comp=+0.246 (amb +0.253)  (138s)
  key_lda    d=8   var= 0.52%gs d12=+0.215 dstr=+0.211 rho5=+0.472 rho5_comp=+0.247 (amb +0.253)  (144s)
  key_lda    d=11  var= 0.66%gs d12=+0.195 dstr=+0.198 rho5=+0.442 rho5_comp=+0.247 (amb +0.253)  (151s)
  random     d=1   d12=+0.034 dstr=+0.008 rho5=+0.092  (154s)
  random     d=2   d12=+0.043 dstr=+0.026 rho5=+0.203  (157s)
  random     d=3   d12=+0.043 dstr=+0.028 rho5=+0.176  (160s)
  random     d=4   d12=+0.039 dstr=+0.023 rho5=+0.197  (163s)
  random     d=6   d12=+0.046 dstr=+0.035 rho5=+0.248  (166s)
  random     d=8   d12=+0.036 dstr=+0.029 rho5=+0.306  (169s)
  random     d=11  d12=+0.031 dstr=+0.026 rho5=+0.300  (172s)
wrote runs/subspace_muq_L8.json in 172s
