arm=mert_L12 host=node02 start=2026-08-29T21:22:07+09:00
[mert_L12] 150 instruments, 8631 notes, kmax=25
WARNING: feature_extractor_cqt requires the libray 'nnAudio'
16/8631  6s
656/8631  12s
1296/8631  17s
1936/8631  23s
2576/8631  29s
3216/8631  35s
3856/8631  40s
4496/8631  46s
5136/8631  52s
5776/8631  58s
6416/8631  63s
7056/8631  69s
7696/8631  75s
8336/8631  81s
cached runs/nsynth_emb_mert_L12.npz
[mert_L12]  PRIMARY (model-free)
    delta12        +0.0156  CI[0.0133, 0.0181]
    delta24        +0.0076  CI[0.006, 0.0092]
    delta_strict   -0.0029  CI[-0.0075, 0.0019]
  SECONDARY (fitted)
    b1_pitch_height            -0.00731  CI[-0.00791, -0.00673]
    b2_chroma                  +0.00674  CI[0.0055, 0.00807]
    b2_chroma_quadratic_trend  +0.00572  CI[0.00438, 0.0071]
  S(11)=0.8647 S(12)=0.8746 S(13)=0.8531 | S(23)=0.7797 S(24)=0.7816 S(25)=0.7683
wrote runs/transpose_mert_L12.json in 86s
done=2026-08-29T21:23:59+09:00
