arm=cqt host=node05 start=2026-08-29T12:41:50+09:00
[cqt] 150 instruments, 8631 notes, kmax=25
16/8631  5s
656/8631  18s
1296/8631  50s
1936/8631  83s
2576/8631  105s
3216/8631  129s
3856/8631  152s
4496/8631  176s
5136/8631  199s
5776/8631  224s
6416/8631  247s
7056/8631  270s
7696/8631  293s
8336/8631  315s
[cqt]  PRIMARY (model-free)
    delta12        +0.0047  CI[0.0041, 0.0054]
    delta24        +0.0025  CI[0.0015, 0.0038]
    delta_strict   +0.0041  CI[0.0034, 0.0048]
  SECONDARY (fitted)
    b1_pitch_height            -0.00134  CI[-0.00166, -0.00108]
    b2_chroma                  +0.00630  CI[0.00544, 0.00713]
    b2_chroma_quadratic_trend  +0.00632  CI[0.00542, 0.00725]
  S(11)=0.9545 S(12)=0.9586 S(13)=0.9532 | S(23)=0.9330 S(24)=0.9342 S(25)=0.9305
wrote runs/transpose_cqt.json in 327s
done=2026-08-29T12:47:26+09:00
