arm=dac_44k host=node23 start=2026-08-29T12:49:17+09:00
[dac_44k] 150 instruments, 8631 notes, kmax=25
16/8631  4s
656/8631  17s
1296/8631  29s
1936/8631  40s
2576/8631  50s
3216/8631  61s
3856/8631  71s
4496/8631  82s
5136/8631  93s
5776/8631  103s
6416/8631  114s
7056/8631  125s
7696/8631  135s
8336/8631  146s
[dac_44k]  PRIMARY (model-free)
    delta12        +0.0167  CI[0.0116, 0.0221]
    delta24        +0.0052  CI[-0.0012, 0.0121]
    delta_strict   -0.0126  CI[-0.0233, -0.0018]
  SECONDARY (fitted)
    b1_pitch_height            -0.00860  CI[-0.00972, -0.00753]
    b2_chroma                  +0.00133  CI[-0.00177, 0.00444]
    b2_chroma_quadratic_trend  +0.00088  CI[-0.00197, 0.00363]
  S(11)=0.8369 S(12)=0.8461 S(13)=0.8219 | S(23)=0.7370 S(24)=0.7333 S(25)=0.7194
wrote runs/transpose_dac_44k.json in 152s
done=2026-08-29T12:52:08+09:00
