arm=mert_L4 host=node02 start=2026-08-29T21:14:05+09:00
[mert_L4] 150 instruments, 8631 notes, kmax=25
WARNING: feature_extractor_cqt requires the libray 'nnAudio'
16/8631  7s
656/8631  19s
1296/8631  47s
1936/8631  74s
2576/8631  100s
3216/8631  126s
3856/8631  150s
4496/8631  174s
5136/8631  197s
5776/8631  220s
6416/8631  244s
7056/8631  266s
7696/8631  288s
8336/8631  311s
cached runs/nsynth_emb_mert_L4.npz
[mert_L4]  PRIMARY (model-free)
    delta12        +0.0144  CI[0.0123, 0.0165]
    delta24        +0.0072  CI[0.0058, 0.0087]
    delta_strict   +0.0012  CI[-0.0026, 0.0051]
  SECONDARY (fitted)
    b1_pitch_height            -0.00508  CI[-0.00548, -0.00469]
    b2_chroma                  +0.00489  CI[0.00393, 0.00591]
    b2_chroma_quadratic_trend  +0.00402  CI[0.003, 0.00509]
  S(11)=0.8935 S(12)=0.9039 S(13)=0.8855 | S(23)=0.8350 S(24)=0.8382 S(25)=0.8269
wrote runs/transpose_mert_L4.json in 324s
done=2026-08-29T21:20:13+09:00
