arm=chroma host=node05 start=2026-08-29T12:40:46+09:00
[chroma] 150 instruments, 8631 notes, kmax=25
16/8631  10s
656/8631  68s
1296/8631  107s
1936/8631  143s
2576/8631  178s
3216/8631  214s
3856/8631  249s
4496/8631  284s
5136/8631  320s
5776/8631  355s
6416/8631  391s
7056/8631  427s
7696/8631  464s
8336/8631  502s
[chroma]  PRIMARY (model-free)
    delta12        +0.6972  CI[0.6541, 0.7373]
    delta24        +0.6494  CI[0.6056, 0.6917]
    delta_strict   +0.6980  CI[0.6553, 0.7377]
  SECONDARY (fitted)
    b1_pitch_height            +0.00318  CI[0.00264, 0.00371]
    b2_chroma                  +0.09144  CI[0.08276, 0.10002]
    b2_chroma_quadratic_trend  +0.09406  CI[0.08534, 0.10283]
  S(11)=0.2496 S(12)=0.9476 S(13)=0.2511 | S(23)=0.2484 S(24)=0.8998 S(25)=0.2525
wrote runs/transpose_chroma.json in 520s
done=2026-08-29T12:49:44+09:00
