arm=mert_L0 host=node02 start=2026-08-29T21:14:05+09:00
[mert_L0] 150 instruments, 8631 notes, kmax=25
WARNING: feature_extractor_cqt requires the libray 'nnAudio'
16/8631  7s
656/8631  19s
1296/8631  47s
1936/8631  75s
2576/8631  100s
3216/8631  126s
3856/8631  150s
4496/8631  174s
5136/8631  197s
5776/8631  220s
6416/8631  244s
7056/8631  266s
7696/8631  288s
8336/8631  311s
cached runs/nsynth_emb_mert_L0.npz
[mert_L0]  PRIMARY (model-free)
    delta12        +0.0177  CI[0.0126, 0.0231]
    delta24        +0.0106  CI[0.0061, 0.0152]
    delta_strict   -0.0350  CI[-0.0454, -0.0242]
  SECONDARY (fitted)
    b1_pitch_height            -0.01293  CI[-0.01402, -0.01184]
    b2_chroma                  +0.00245  CI[-0.0001, 0.00515]
    b2_chroma_quadratic_trend  +0.00174  CI[-0.00094, 0.00436]
  S(11)=0.7680 S(12)=0.7753 S(13)=0.7470 | S(23)=0.6154 S(24)=0.6156 S(25)=0.5946
wrote runs/transpose_mert_L0.json in 324s
done=2026-08-29T21:20:13+09:00
