[mert] 7035 clips, 25 layers, dim 1024
  fold macro-F1 0.376
  fold macro-F1 0.399
  fold macro-F1 0.395
  fold macro-F1 0.378
  fold macro-F1 0.403
[mert] grouped macro-F1 0.390 (+- 0.011)
  layer 4 alone, same trainer: macro-F1 0.391
  layer 12 alone, same trainer: macro-F1 0.383
  layer 16 alone, same trainer: macro-F1 0.381
  layer 24 alone, same trainer: macro-F1 0.353
  layer weights 0.015 0.015 0.019 0.034 0.038 0.044 0.044 0.045 0.038 0.041 0.050 0.054 0.049 0.047 0.044 0.048 0.049 0.055 0.048 0.036 0.033 0.042 0.042 0.035 0.034
  argmax layer 17, top weight 0.055
  [centroid] kk_key_distance    rho=+0.707 z=+12.9 p=0.000
  [centroid] fifths             rho=+0.514 z= +9.5 p=0.000
  [centroid] chromatic          rho=+0.149 z= +2.6 p=0.013
  [centroid] mode_mismatch      rho=+0.082 z= +1.5 p=0.112
  [probe-W ] kk_key_distance    rho=+0.798 z=+13.4 p=0.000
  [probe-W ] fifths             rho=+0.524 z= +8.7 p=0.000
  [probe-W ] chromatic          rho=-0.080 z= -1.2 p=0.186
  [probe-W ] mode_mismatch      rho=-0.060 z= -1.0 p=0.306
wrote runs/clipkey_mert_wsum.json
[matpac] 7035 clips, 12 layers, dim 3840
  fold macro-F1 0.343
  fold macro-F1 0.363
  fold macro-F1 0.391
  fold macro-F1 0.396
  fold macro-F1 0.428
[matpac] grouped macro-F1 0.385 (+- 0.029)
  layer 1 alone, same trainer: macro-F1 0.342
  layer 5 alone, same trainer: macro-F1 0.392
  layer 7 alone, same trainer: macro-F1 0.369
  layer 11 alone, same trainer: macro-F1 0.321
  layer weights 0.039 0.042 0.048 0.075 0.103 0.127 0.140 0.118 0.094 0.082 0.074 0.058
  argmax layer 6, top weight 0.140
  [centroid] kk_key_distance    rho=+0.832 z=+14.6 p=0.000
  [centroid] fifths             rho=+0.656 z=+11.7 p=0.000
  [centroid] chromatic          rho=-0.056 z= -1.0 p=0.303
  [centroid] mode_mismatch      rho=+0.050 z= +0.9 p=0.335
  [probe-W ] kk_key_distance    rho=+0.353 z= +7.3 p=0.000
  [probe-W ] fifths             rho=+0.178 z= +3.6 p=0.000
  [probe-W ] chromatic          rho=+0.140 z= +2.8 p=0.009
  [probe-W ] mode_mismatch      rho=+0.017 z= +0.4 p=0.728
wrote runs/clipkey_matpac_wsum.json
done=2026-09-02T02:58:59+09:00
